CCS PCM C Compiler, Version 5.095d, 1               13-Aug-20 15:21
Compiler operating in Evaluation Mode
To obtain a fully enabled compiler visit www.ccsinfo.com/products

               Filename:   C:\Users\Usuario\OneDrive\Escritorio\USB\Verano 2020\Electiva de Electronica de Potencia\Proyecto 2\Simulaci-n-de-Paneles-PV-en-proteus\PIC PWM + MPPT\CodigoPic16f887.lst

               ROM used:   996 words (12%)
                           Largest free fragment is 2048
               RAM used:   38 (10%) at main() level
                           50 (14%) worst case
               Stack used: 1 locations
               Stack size: 8

0000:  MOVLW  02
0001:  MOVWF  0A
0002:  GOTO   216
0003:  NOP
.................... //Vladimir Alfaro - Universidad Simón Bolívar - 09/08/2020 
.................... //Con este código se pretende diseñar el algoritmo de control MMPT para un microcontrolador PIC16F887
.................... //-----------------------------------------------------------------------------------------------------
.................... 
.................... #include <16f887.h>
.................... //////////// Standard Header file for the PIC16F887 device ////////////////
.................... ///////////////////////////////////////////////////////////////////////////
.................... ////        (C) Copyright 1996, 2020 Custom Computer Services          ////
.................... //// This source code may only be used by licensed users of the CCS C  ////
.................... //// compiler.  This source code may only be distributed to other      ////
.................... //// licensed users of the CCS C compiler.  No other use, reproduction ////
.................... //// or distribution is permitted without written permission.          ////
.................... //// Derivative programs created using this software in object code    ////
.................... //// form are not restricted in any way.                               ////
.................... ///////////////////////////////////////////////////////////////////////////
.................... #device PIC16F887
0004:  MOVLW  8E
0005:  MOVWF  77
0006:  MOVF   3E,W
0007:  MOVWF  78
0008:  MOVF   3D,W
0009:  MOVWF  79
000A:  CLRF   7A
000B:  MOVF   78,F
000C:  BTFSS  03.2
000D:  GOTO   018
000E:  MOVF   79,W
000F:  MOVWF  78
0010:  CLRF   79
0011:  MOVLW  08
0012:  SUBWF  77,F
0013:  MOVF   78,F
0014:  BTFSS  03.2
0015:  GOTO   018
0016:  CLRF   77
0017:  GOTO   020
0018:  BCF    03.0
0019:  BTFSC  78.7
001A:  GOTO   01F
001B:  RLF    79,F
001C:  RLF    78,F
001D:  DECF   77,F
001E:  GOTO   018
001F:  BCF    78.7
0020:  RETURN
0021:  MOVF   3D,W
0022:  BTFSC  03.2
0023:  GOTO   091
0024:  MOVWF  45
0025:  MOVF   41,W
0026:  BTFSC  03.2
0027:  GOTO   091
0028:  ADDWF  45,F
0029:  BTFSC  03.0
002A:  GOTO   032
002B:  MOVLW  7F
002C:  SUBWF  45,F
002D:  BTFSS  03.0
002E:  GOTO   091
002F:  BTFSC  03.2
0030:  GOTO   091
0031:  GOTO   036
0032:  MOVLW  81
0033:  ADDWF  45,F
0034:  BTFSC  03.0
0035:  GOTO   091
0036:  MOVF   45,W
0037:  MOVWF  77
0038:  CLRF   78
0039:  CLRF   79
003A:  CLRF   7A
003B:  MOVF   3E,W
003C:  MOVWF  49
003D:  BSF    49.7
003E:  MOVF   3F,W
003F:  MOVWF  48
0040:  MOVF   40,W
0041:  MOVWF  47
0042:  MOVLW  18
0043:  MOVWF  45
0044:  CLRF   46
0045:  BTFSS  47.0
0046:  GOTO   05F
0047:  MOVF   44,W
0048:  ADDWF  7A,F
0049:  BTFSS  03.0
004A:  GOTO   051
004B:  INCF   79,F
004C:  BTFSS  03.2
004D:  GOTO   051
004E:  INCF   78,F
004F:  BTFSC  03.2
0050:  BSF    46.7
0051:  MOVF   43,W
0052:  ADDWF  79,F
0053:  BTFSS  03.0
0054:  GOTO   058
0055:  INCF   78,F
0056:  BTFSC  03.2
0057:  BSF    46.7
0058:  MOVF   42,W
0059:  MOVWF  3F
005A:  BSF    3F.7
005B:  MOVF   3F,W
005C:  ADDWF  78,F
005D:  BTFSC  03.0
005E:  BSF    46.7
005F:  RLF    46,F
0060:  RRF    78,F
0061:  RRF    79,F
0062:  RRF    7A,F
0063:  RRF    49,F
0064:  RRF    48,F
0065:  RRF    47,F
0066:  BCF    03.0
0067:  DECFSZ 45,F
0068:  GOTO   044
0069:  MOVLW  01
006A:  ADDWF  77,F
006B:  BTFSC  03.0
006C:  GOTO   091
006D:  BTFSC  78.7
006E:  GOTO   076
006F:  RLF    49,F
0070:  RLF    7A,F
0071:  RLF    79,F
0072:  RLF    78,F
0073:  DECF   77,F
0074:  BTFSC  03.2
0075:  GOTO   091
0076:  BTFSS  49.7
0077:  GOTO   087
0078:  INCF   7A,F
0079:  BTFSS  03.2
007A:  GOTO   087
007B:  INCF   79,F
007C:  BTFSS  03.2
007D:  GOTO   087
007E:  INCF   78,F
007F:  BTFSS  03.2
0080:  GOTO   087
0081:  RRF    78,F
0082:  RRF    79,F
0083:  RRF    7A,F
0084:  INCF   77,F
0085:  BTFSC  03.2
0086:  GOTO   091
0087:  MOVF   3E,W
0088:  MOVWF  46
0089:  MOVF   42,W
008A:  XORWF  46,F
008B:  BTFSS  46.7
008C:  GOTO   08F
008D:  BSF    78.7
008E:  GOTO   095
008F:  BCF    78.7
0090:  GOTO   095
0091:  CLRF   77
0092:  CLRF   78
0093:  CLRF   79
0094:  CLRF   7A
0095:  RETURN
0096:  MOVF   42,W
0097:  MOVWF  49
0098:  MOVF   46,W
0099:  XORWF  49,F
009A:  BTFSS  49.7
009B:  GOTO   0A1
009C:  BCF    03.2
009D:  BCF    03.0
009E:  BTFSC  42.7
009F:  BSF    03.0
00A0:  GOTO   0D4
00A1:  MOVF   42,W
00A2:  MOVWF  49
00A3:  MOVF   45,W
00A4:  MOVWF  4A
00A5:  MOVF   41,W
00A6:  SUBWF  4A,F
00A7:  BTFSC  03.2
00A8:  GOTO   0AF
00A9:  BTFSS  49.7
00AA:  GOTO   0D4
00AB:  MOVF   03,W
00AC:  XORLW  01
00AD:  MOVWF  03
00AE:  GOTO   0D4
00AF:  MOVF   46,W
00B0:  MOVWF  4A
00B1:  MOVF   42,W
00B2:  SUBWF  4A,F
00B3:  BTFSC  03.2
00B4:  GOTO   0BB
00B5:  BTFSS  49.7
00B6:  GOTO   0D4
00B7:  MOVF   03,W
00B8:  XORLW  01
00B9:  MOVWF  03
00BA:  GOTO   0D4
00BB:  MOVF   47,W
00BC:  MOVWF  4A
00BD:  MOVF   43,W
00BE:  SUBWF  4A,F
00BF:  BTFSC  03.2
00C0:  GOTO   0C7
00C1:  BTFSS  49.7
00C2:  GOTO   0D4
00C3:  MOVF   03,W
00C4:  XORLW  01
00C5:  MOVWF  03
00C6:  GOTO   0D4
00C7:  MOVF   48,W
00C8:  MOVWF  4A
00C9:  MOVF   44,W
00CA:  SUBWF  4A,F
00CB:  BTFSC  03.2
00CC:  GOTO   0D3
00CD:  BTFSS  49.7
00CE:  GOTO   0D4
00CF:  MOVF   03,W
00D0:  XORLW  01
00D1:  MOVWF  03
00D2:  GOTO   0D4
00D3:  BCF    03.0
00D4:  RETURN
00D5:  MOVLW  80
00D6:  BTFSC  03.1
00D7:  XORWF  42,F
00D8:  CLRF   47
00D9:  CLRF   48
00DA:  MOVF   3E,W
00DB:  MOVWF  46
00DC:  MOVF   42,W
00DD:  XORWF  46,F
00DE:  MOVF   3D,W
00DF:  BTFSC  03.2
00E0:  GOTO   1C5
00E1:  MOVWF  45
00E2:  MOVWF  77
00E3:  MOVF   41,W
00E4:  BTFSC  03.2
00E5:  GOTO   1CE
00E6:  SUBWF  45,F
00E7:  BTFSC  03.2
00E8:  GOTO   16A
00E9:  BTFSS  03.0
00EA:  GOTO   128
00EB:  MOVF   42,W
00EC:  MOVWF  4B
00ED:  BSF    4B.7
00EE:  MOVF   43,W
00EF:  MOVWF  4A
00F0:  MOVF   44,W
00F1:  MOVWF  49
00F2:  CLRF   48
00F3:  BCF    03.0
00F4:  RRF    4B,F
00F5:  RRF    4A,F
00F6:  RRF    49,F
00F7:  RRF    48,F
00F8:  DECFSZ 45,F
00F9:  GOTO   0F2
00FA:  BTFSS  46.7
00FB:  GOTO   0FF
00FC:  BSF    47.0
00FD:  GOTO   1E2
00FE:  BCF    47.0
00FF:  BCF    45.0
0100:  BSF    47.4
0101:  MOVLW  40
0102:  MOVWF  04
0103:  BCF    03.7
0104:  GOTO   1F7
0105:  BCF    47.4
0106:  BTFSC  46.7
0107:  GOTO   112
0108:  BTFSS  45.0
0109:  GOTO   11D
010A:  RRF    4B,F
010B:  RRF    4A,F
010C:  RRF    49,F
010D:  RRF    48,F
010E:  INCF   77,F
010F:  BTFSC  03.2
0110:  GOTO   1DD
0111:  GOTO   11D
0112:  BTFSC  4B.7
0113:  GOTO   120
0114:  BCF    03.0
0115:  RLF    48,F
0116:  RLF    49,F
0117:  RLF    4A,F
0118:  RLF    4B,F
0119:  DECF   77,F
011A:  BTFSC  03.2
011B:  GOTO   1DD
011C:  GOTO   112
011D:  BSF    47.6
011E:  GOTO   18A
011F:  BCF    47.6
0120:  MOVF   3E,W
0121:  MOVWF  46
0122:  BTFSS  46.7
0123:  GOTO   126
0124:  BSF    4B.7
0125:  GOTO   1D6
0126:  BCF    4B.7
0127:  GOTO   1D6
0128:  MOVF   41,W
0129:  MOVWF  45
012A:  MOVWF  77
012B:  MOVF   3D,W
012C:  SUBWF  45,F
012D:  MOVF   3E,W
012E:  MOVWF  4B
012F:  BSF    4B.7
0130:  MOVF   3F,W
0131:  MOVWF  4A
0132:  MOVF   40,W
0133:  MOVWF  49
0134:  CLRF   48
0135:  BCF    03.0
0136:  RRF    4B,F
0137:  RRF    4A,F
0138:  RRF    49,F
0139:  RRF    48,F
013A:  DECFSZ 45,F
013B:  GOTO   134
013C:  BTFSS  46.7
013D:  GOTO   141
013E:  BSF    47.1
013F:  GOTO   1E2
0140:  BCF    47.1
0141:  BCF    45.0
0142:  BSF    47.5
0143:  MOVLW  44
0144:  MOVWF  04
0145:  BCF    03.7
0146:  GOTO   1F7
0147:  BCF    47.5
0148:  BTFSC  46.7
0149:  GOTO   154
014A:  BTFSS  45.0
014B:  GOTO   15F
014C:  RRF    4B,F
014D:  RRF    4A,F
014E:  RRF    49,F
014F:  RRF    48,F
0150:  INCF   77,F
0151:  BTFSC  03.2
0152:  GOTO   1DD
0153:  GOTO   15F
0154:  BTFSC  4B.7
0155:  GOTO   162
0156:  BCF    03.0
0157:  RLF    48,F
0158:  RLF    49,F
0159:  RLF    4A,F
015A:  RLF    4B,F
015B:  DECF   77,F
015C:  BTFSC  03.2
015D:  GOTO   1DD
015E:  GOTO   154
015F:  BSF    47.7
0160:  GOTO   18A
0161:  BCF    47.7
0162:  MOVF   42,W
0163:  MOVWF  46
0164:  BTFSS  46.7
0165:  GOTO   168
0166:  BSF    4B.7
0167:  GOTO   1D6
0168:  BCF    4B.7
0169:  GOTO   1D6
016A:  MOVF   42,W
016B:  MOVWF  4B
016C:  BSF    4B.7
016D:  MOVF   43,W
016E:  MOVWF  4A
016F:  MOVF   44,W
0170:  MOVWF  49
0171:  BTFSS  46.7
0172:  GOTO   177
0173:  BCF    4B.7
0174:  BSF    47.2
0175:  GOTO   1E2
0176:  BCF    47.2
0177:  CLRF   48
0178:  BCF    45.0
0179:  MOVLW  40
017A:  MOVWF  04
017B:  BCF    03.7
017C:  GOTO   1F7
017D:  BTFSC  46.7
017E:  GOTO   1A0
017F:  MOVF   3E,W
0180:  MOVWF  46
0181:  BTFSS  45.0
0182:  GOTO   18A
0183:  RRF    4B,F
0184:  RRF    4A,F
0185:  RRF    49,F
0186:  RRF    48,F
0187:  INCF   77,F
0188:  BTFSC  03.2
0189:  GOTO   1DD
018A:  BTFSS  48.7
018B:  GOTO   19B
018C:  INCF   49,F
018D:  BTFSS  03.2
018E:  GOTO   19B
018F:  INCF   4A,F
0190:  BTFSS  03.2
0191:  GOTO   19B
0192:  INCF   4B,F
0193:  BTFSS  03.2
0194:  GOTO   19B
0195:  RRF    4B,F
0196:  RRF    4A,F
0197:  RRF    49,F
0198:  INCF   77,F
0199:  BTFSC  03.2
019A:  GOTO   1DD
019B:  BTFSC  47.6
019C:  GOTO   11F
019D:  BTFSC  47.7
019E:  GOTO   161
019F:  GOTO   1BF
01A0:  MOVLW  80
01A1:  XORWF  4B,F
01A2:  BTFSS  4B.7
01A3:  GOTO   1A8
01A4:  GOTO   1E2
01A5:  MOVF   42,W
01A6:  MOVWF  46
01A7:  GOTO   1B5
01A8:  MOVF   3E,W
01A9:  MOVWF  46
01AA:  MOVF   4B,F
01AB:  BTFSS  03.2
01AC:  GOTO   1B5
01AD:  MOVF   4A,F
01AE:  BTFSS  03.2
01AF:  GOTO   1B5
01B0:  MOVF   49,F
01B1:  BTFSS  03.2
01B2:  GOTO   1B5
01B3:  CLRF   77
01B4:  GOTO   1D6
01B5:  BTFSC  4B.7
01B6:  GOTO   1BF
01B7:  BCF    03.0
01B8:  RLF    48,F
01B9:  RLF    49,F
01BA:  RLF    4A,F
01BB:  RLF    4B,F
01BC:  DECFSZ 77,F
01BD:  GOTO   1B5
01BE:  GOTO   1DD
01BF:  BTFSS  46.7
01C0:  GOTO   1C3
01C1:  BSF    4B.7
01C2:  GOTO   1D6
01C3:  BCF    4B.7
01C4:  GOTO   1D6
01C5:  MOVF   41,W
01C6:  MOVWF  77
01C7:  MOVF   42,W
01C8:  MOVWF  4B
01C9:  MOVF   43,W
01CA:  MOVWF  4A
01CB:  MOVF   44,W
01CC:  MOVWF  49
01CD:  GOTO   1D6
01CE:  MOVF   3D,W
01CF:  MOVWF  77
01D0:  MOVF   3E,W
01D1:  MOVWF  4B
01D2:  MOVF   3F,W
01D3:  MOVWF  4A
01D4:  MOVF   40,W
01D5:  MOVWF  49
01D6:  MOVF   4B,W
01D7:  MOVWF  78
01D8:  MOVF   4A,W
01D9:  MOVWF  79
01DA:  MOVF   49,W
01DB:  MOVWF  7A
01DC:  GOTO   215
01DD:  CLRF   77
01DE:  CLRF   78
01DF:  CLRF   79
01E0:  CLRF   7A
01E1:  GOTO   215
01E2:  CLRF   48
01E3:  COMF   49,F
01E4:  COMF   4A,F
01E5:  COMF   4B,F
01E6:  COMF   48,F
01E7:  INCF   48,F
01E8:  BTFSS  03.2
01E9:  GOTO   1F0
01EA:  INCF   49,F
01EB:  BTFSS  03.2
01EC:  GOTO   1F0
01ED:  INCF   4A,F
01EE:  BTFSC  03.2
01EF:  INCF   4B,F
01F0:  BTFSC  47.0
01F1:  GOTO   0FE
01F2:  BTFSC  47.1
01F3:  GOTO   140
01F4:  BTFSC  47.2
01F5:  GOTO   176
01F6:  GOTO   1A5
01F7:  MOVF   00,W
01F8:  ADDWF  49,F
01F9:  BTFSS  03.0
01FA:  GOTO   201
01FB:  INCF   4A,F
01FC:  BTFSS  03.2
01FD:  GOTO   201
01FE:  INCF   4B,F
01FF:  BTFSC  03.2
0200:  BSF    45.0
0201:  DECF   04,F
0202:  MOVF   00,W
0203:  ADDWF  4A,F
0204:  BTFSS  03.0
0205:  GOTO   209
0206:  INCF   4B,F
0207:  BTFSC  03.2
0208:  BSF    45.0
0209:  DECF   04,F
020A:  MOVF   00,W
020B:  BTFSS  00.7
020C:  XORLW  80
020D:  ADDWF  4B,F
020E:  BTFSC  03.0
020F:  BSF    45.0
0210:  BTFSC  47.4
0211:  GOTO   105
0212:  BTFSC  47.5
0213:  GOTO   147
0214:  GOTO   17D
0215:  RETURN
.................... 
.................... #list
.................... 
.................... #device ADC = 10     // Conversor Analógico Digital con  10 bits de resolución
.................... #fuses XT, NOWDT, NOPROTECT, NOLVP, PUT, BROWNOUT, INTRC_IO
.................... #use delay(clock=4000000)
.................... //#include <LCD.C>
.................... #byte PORTA = 5
.................... //#byte PORTD = 8
.................... 
.................... int16 duty = 20;
.................... int Timer2, PostCaler; // Preescaler;
.................... //Para 5KHz, el valor para modular el DutyCycle será 200 = 100%
.................... //Por lo tanto duty = 100 implica un DutyCycle de 50%
.................... float V1, V2=0, I1, I2=0, P1, P2;
.................... 
.................... void main(){
0216:  MOVF   03,W
0217:  ANDLW  1F
0218:  MOVWF  03
0219:  MOVLW  61
021A:  BSF    03.5
021B:  MOVWF  0F
021C:  CLRF   10
021D:  MOVF   0F,W
021E:  BCF    03.5
021F:  CLRF   21
0220:  MOVLW  14
0221:  MOVWF  20
0222:  CLRF   2B
0223:  CLRF   2A
0224:  CLRF   29
0225:  CLRF   28
0226:  CLRF   33
0227:  CLRF   32
0228:  CLRF   31
0229:  CLRF   30
022A:  MOVLW  FF
022B:  MOVWF  3C
022C:  BSF    03.5
022D:  BSF    03.6
022E:  MOVF   09,W
022F:  ANDLW  C0
0230:  MOVWF  09
0231:  BCF    03.6
0232:  BCF    1F.4
0233:  BCF    1F.5
0234:  MOVLW  00
0235:  BSF    03.6
0236:  MOVWF  08
0237:  BCF    03.5
0238:  CLRF   07
0239:  CLRF   08
023A:  CLRF   09
023B:  BCF    03.7
....................     
....................     //Para la PWM de 10Khz es necesario un Timer2=9, cuando la frecuencia del cristal es de 4Mhz,
....................     //el PostCaler=1 y Preescaler=4, en base a la siguiente fórmula:
....................     //Timer2 = (Td*fxtal/(4*Preescaler-PostCaler)) - 1
....................     Timer2 = 9;         //Para este valor del Timer se puede alcanzar una f=10KHz
023C:  MOVLW  09
023D:  BCF    03.6
023E:  MOVWF  22
....................     PostCaler = 1;      // Sólo puede tomar valores de 1, 4 o 16, igual que el preescaler
023F:  MOVLW  01
0240:  MOVWF  23
....................     //Preescaler = 4;
....................     
....................     setup_timer_2(t2_div_by_4, Timer2, PostCaler);    //Configuración del timer 2, preescaler=4, timer2=49, postcaler=1
0241:  SUBWF  23,W
0242:  MOVWF  78
0243:  RLF    78,W
0244:  MOVWF  77
0245:  RLF    77,F
0246:  RLF    77,F
0247:  MOVLW  F8
0248:  ANDWF  77,F
0249:  MOVF   77,W
024A:  IORLW  05
024B:  MOVWF  12
024C:  MOVF   22,W
024D:  BSF    03.5
024E:  MOVWF  12
....................     setup_ccp1(ccp_pwm);                              //Con esto estamos configurando el modo PWM en la salida ccp1 (pin RC2)
024F:  BCF    03.5
0250:  BCF    3C.2
0251:  MOVF   3C,W
0252:  BSF    03.5
0253:  MOVWF  07
0254:  BCF    03.5
0255:  BCF    07.2
0256:  MOVLW  0C
0257:  MOVWF  17
0258:  BSF    03.5
0259:  CLRF   1B
025A:  CLRF   1C
025B:  MOVLW  01
025C:  MOVWF  1D
....................     setup_adc_ports(all_analog);                      //Todos los puertos analogicos quedaran como analogicos
025D:  BSF    03.6
025E:  MOVF   09,W
025F:  ANDLW  C0
0260:  IORLW  1F
0261:  MOVWF  09
0262:  BCF    03.6
0263:  BCF    1F.4
0264:  BCF    1F.5
0265:  MOVLW  FF
0266:  BSF    03.6
0267:  MOVWF  08
....................     setup_adc(adc_clock_internal);                    //Configuramos la velocidad del ADC
0268:  BCF    03.5
0269:  BCF    03.6
026A:  BSF    1F.6
026B:  BSF    1F.7
026C:  BSF    03.5
026D:  BSF    1F.7
026E:  BCF    03.5
026F:  BSF    1F.0
....................     set_tris_a(0b00000011);                           //Configuro los pines RA0 y RA1 como entradas
0270:  MOVLW  03
0271:  BSF    03.5
0272:  MOVWF  05
....................     //lcd_init();
....................     //lcd_putc("\f");
....................     
....................     
....................     while(1){
....................     
....................        set_pwm1_duty(duty);                //Se confiugura el dutycycle de la PWM 
0273:  BCF    03.5
0274:  MOVF   21,W
0275:  MOVWF  79
0276:  MOVF   20,W
0277:  MOVWF  78
0278:  RRF    79,F
0279:  RRF    78,F
027A:  RRF    79,F
027B:  RRF    78,F
027C:  RRF    79,F
027D:  MOVF   78,W
027E:  MOVWF  15
027F:  RRF    79,F
0280:  RRF    79,W
0281:  ANDLW  30
0282:  MOVWF  77
0283:  MOVF   17,W
0284:  ANDLW  CF
0285:  IORWF  77,W
0286:  MOVWF  17
....................        
....................        /*------Imprimir datos en LCD---------*/
....................        //lcd_gotoxy(1,1);                  //Ubiquese en la posicion 1,1
....................        //lcd_putc("El Duty Cycle es:");
....................        //lcd_gotoxy(2,2);                  //Ubiquese en la posicion 2,2
....................        //printf(lcd_putc,"D = %i",duty);   //Muestra el valor numerico de la conversionconversion
....................        //delay_ms(1000);
....................        //lcd_putc("\f");                   // Borramos LCD
....................        
....................          
....................        set_adc_channel(0);          //Selecciono el canal 0 (RA0)
0287:  MOVLW  00
0288:  MOVWF  78
0289:  MOVF   1F,W
028A:  ANDLW  C3
028B:  IORWF  78,W
028C:  MOVWF  1F
....................        delay_us(20);                //Retardo de 50 us para leer la data
028D:  MOVLW  06
028E:  MOVWF  77
028F:  DECFSZ 77,F
0290:  GOTO   28F
0291:  NOP
....................        V1=read_adc();               //Guardo en bits el voltaje leido por el canal 0
0292:  BSF    1F.1
0293:  BTFSC  1F.1
0294:  GOTO   293
0295:  MOVF   1E,W
0296:  MOVWF  79
0297:  BSF    03.5
0298:  MOVF   1E,W
0299:  MOVWF  78
029A:  MOVF   79,W
029B:  MOVWF  7A
029C:  MOVF   1E,W
029D:  BCF    03.5
029E:  MOVWF  3D
029F:  MOVF   79,W
02A0:  MOVWF  3E
02A1:  CALL   004
02A2:  MOVF   7A,W
02A3:  MOVWF  27
02A4:  MOVF   79,W
02A5:  MOVWF  26
02A6:  MOVF   78,W
02A7:  MOVWF  25
02A8:  MOVF   77,W
02A9:  MOVWF  24
....................        V1 = V1*0.0048828125;        //Valor real del voltaje medido
02AA:  MOVF   27,W
02AB:  MOVWF  40
02AC:  MOVF   26,W
02AD:  MOVWF  3F
02AE:  MOVF   25,W
02AF:  MOVWF  3E
02B0:  MOVF   24,W
02B1:  MOVWF  3D
02B2:  CLRF   44
02B3:  CLRF   43
02B4:  MOVLW  20
02B5:  MOVWF  42
02B6:  MOVLW  77
02B7:  MOVWF  41
02B8:  CALL   021
02B9:  MOVF   7A,W
02BA:  MOVWF  27
02BB:  MOVF   79,W
02BC:  MOVWF  26
02BD:  MOVF   78,W
02BE:  MOVWF  25
02BF:  MOVF   77,W
02C0:  MOVWF  24
....................        
....................        set_adc_channel(1);          //Selecciono el canal 1 (RA1)
02C1:  MOVLW  04
02C2:  MOVWF  78
02C3:  MOVF   1F,W
02C4:  ANDLW  C3
02C5:  IORWF  78,W
02C6:  MOVWF  1F
....................        delay_us(20);                //Retardo de 50 us para leer la data
02C7:  MOVLW  06
02C8:  MOVWF  77
02C9:  DECFSZ 77,F
02CA:  GOTO   2C9
02CB:  NOP
....................        I1=read_adc();               //Guardo en bits la corriente leida por el canal 1
02CC:  BSF    1F.1
02CD:  BTFSC  1F.1
02CE:  GOTO   2CD
02CF:  MOVF   1E,W
02D0:  MOVWF  79
02D1:  BSF    03.5
02D2:  MOVF   1E,W
02D3:  MOVWF  78
02D4:  MOVF   79,W
02D5:  MOVWF  7A
02D6:  MOVF   1E,W
02D7:  BCF    03.5
02D8:  MOVWF  3D
02D9:  MOVF   79,W
02DA:  MOVWF  3E
02DB:  CALL   004
02DC:  MOVF   7A,W
02DD:  MOVWF  2F
02DE:  MOVF   79,W
02DF:  MOVWF  2E
02E0:  MOVF   78,W
02E1:  MOVWF  2D
02E2:  MOVF   77,W
02E3:  MOVWF  2C
....................        I1= I1*0.0048828125;         //Valor real del voltaje medido
02E4:  MOVF   2F,W
02E5:  MOVWF  40
02E6:  MOVF   2E,W
02E7:  MOVWF  3F
02E8:  MOVF   2D,W
02E9:  MOVWF  3E
02EA:  MOVF   2C,W
02EB:  MOVWF  3D
02EC:  CLRF   44
02ED:  CLRF   43
02EE:  MOVLW  20
02EF:  MOVWF  42
02F0:  MOVLW  77
02F1:  MOVWF  41
02F2:  CALL   021
02F3:  MOVF   7A,W
02F4:  MOVWF  2F
02F5:  MOVF   79,W
02F6:  MOVWF  2E
02F7:  MOVF   78,W
02F8:  MOVWF  2D
02F9:  MOVF   77,W
02FA:  MOVWF  2C
....................   
....................    /*-----------Algoritmo MPPT----------*/
....................        P1 = V1*I1;
02FB:  MOVF   27,W
02FC:  MOVWF  40
02FD:  MOVF   26,W
02FE:  MOVWF  3F
02FF:  MOVF   25,W
0300:  MOVWF  3E
0301:  MOVF   24,W
0302:  MOVWF  3D
0303:  MOVF   2F,W
0304:  MOVWF  44
0305:  MOVF   2E,W
0306:  MOVWF  43
0307:  MOVF   2D,W
0308:  MOVWF  42
0309:  MOVF   2C,W
030A:  MOVWF  41
030B:  CALL   021
030C:  MOVF   7A,W
030D:  MOVWF  37
030E:  MOVF   79,W
030F:  MOVWF  36
0310:  MOVF   78,W
0311:  MOVWF  35
0312:  MOVF   77,W
0313:  MOVWF  34
....................        P2 = V2*I2;
0314:  MOVF   2B,W
0315:  MOVWF  40
0316:  MOVF   2A,W
0317:  MOVWF  3F
0318:  MOVF   29,W
0319:  MOVWF  3E
031A:  MOVF   28,W
031B:  MOVWF  3D
031C:  MOVF   33,W
031D:  MOVWF  44
031E:  MOVF   32,W
031F:  MOVWF  43
0320:  MOVF   31,W
0321:  MOVWF  42
0322:  MOVF   30,W
0323:  MOVWF  41
0324:  CALL   021
0325:  MOVF   7A,W
0326:  MOVWF  3B
0327:  MOVF   79,W
0328:  MOVWF  3A
0329:  MOVF   78,W
032A:  MOVWF  39
032B:  MOVF   77,W
032C:  MOVWF  38
....................        
....................        if(P1 == P2){
032D:  MOVF   37,W
032E:  MOVWF  44
032F:  MOVF   36,W
0330:  MOVWF  43
0331:  MOVF   35,W
0332:  MOVWF  42
0333:  MOVF   34,W
0334:  MOVWF  41
0335:  MOVF   3B,W
0336:  MOVWF  48
0337:  MOVF   3A,W
0338:  MOVWF  47
0339:  MOVF   39,W
033A:  MOVWF  46
033B:  MOVF   38,W
033C:  MOVWF  45
033D:  CALL   096
033E:  BTFSC  03.2
....................          duty = duty;
....................        }
033F:  GOTO   3D2
....................        else{
....................          if(P1 - P2 > 0){
0340:  BSF    03.1
0341:  MOVF   37,W
0342:  MOVWF  40
0343:  MOVF   36,W
0344:  MOVWF  3F
0345:  MOVF   35,W
0346:  MOVWF  3E
0347:  MOVF   34,W
0348:  MOVWF  3D
0349:  MOVF   3B,W
034A:  MOVWF  44
034B:  MOVF   3A,W
034C:  MOVWF  43
034D:  MOVF   39,W
034E:  MOVWF  42
034F:  MOVF   38,W
0350:  MOVWF  41
0351:  CALL   0D5
0352:  MOVF   7A,W
0353:  MOVWF  40
0354:  MOVF   79,W
0355:  MOVWF  3F
0356:  MOVF   78,W
0357:  MOVWF  3E
0358:  MOVF   77,W
0359:  MOVWF  3D
035A:  CLRF   44
035B:  CLRF   43
035C:  CLRF   42
035D:  CLRF   41
035E:  MOVF   40,W
035F:  MOVWF  48
0360:  MOVF   3F,W
0361:  MOVWF  47
0362:  MOVF   3E,W
0363:  MOVWF  46
0364:  MOVF   3D,W
0365:  MOVWF  45
0366:  CALL   096
0367:  BTFSS  03.0
0368:  GOTO   39E
....................             if(V1 - V2 > 0){
0369:  BSF    03.1
036A:  MOVF   27,W
036B:  MOVWF  40
036C:  MOVF   26,W
036D:  MOVWF  3F
036E:  MOVF   25,W
036F:  MOVWF  3E
0370:  MOVF   24,W
0371:  MOVWF  3D
0372:  MOVF   2B,W
0373:  MOVWF  44
0374:  MOVF   2A,W
0375:  MOVWF  43
0376:  MOVF   29,W
0377:  MOVWF  42
0378:  MOVF   28,W
0379:  MOVWF  41
037A:  CALL   0D5
037B:  MOVF   7A,W
037C:  MOVWF  40
037D:  MOVF   79,W
037E:  MOVWF  3F
037F:  MOVF   78,W
0380:  MOVWF  3E
0381:  MOVF   77,W
0382:  MOVWF  3D
0383:  CLRF   44
0384:  CLRF   43
0385:  CLRF   42
0386:  CLRF   41
0387:  MOVF   40,W
0388:  MOVWF  48
0389:  MOVF   3F,W
038A:  MOVWF  47
038B:  MOVF   3E,W
038C:  MOVWF  46
038D:  MOVF   3D,W
038E:  MOVWF  45
038F:  CALL   096
0390:  BTFSS  03.0
0391:  GOTO   397
....................                duty = duty + 1;
0392:  MOVLW  01
0393:  ADDWF  20,F
0394:  BTFSC  03.0
0395:  INCF   21,F
....................             }
0396:  GOTO   39D
....................             else{
....................                duty = duty - 1;
0397:  MOVLW  01
0398:  SUBWF  20,F
0399:  MOVLW  00
039A:  BTFSS  03.0
039B:  MOVLW  01
039C:  SUBWF  21,F
....................             }
....................          }
039D:  GOTO   3D2
....................          else{
....................             if(V1 - V2 > 0){
039E:  BSF    03.1
039F:  MOVF   27,W
03A0:  MOVWF  40
03A1:  MOVF   26,W
03A2:  MOVWF  3F
03A3:  MOVF   25,W
03A4:  MOVWF  3E
03A5:  MOVF   24,W
03A6:  MOVWF  3D
03A7:  MOVF   2B,W
03A8:  MOVWF  44
03A9:  MOVF   2A,W
03AA:  MOVWF  43
03AB:  MOVF   29,W
03AC:  MOVWF  42
03AD:  MOVF   28,W
03AE:  MOVWF  41
03AF:  CALL   0D5
03B0:  MOVF   7A,W
03B1:  MOVWF  40
03B2:  MOVF   79,W
03B3:  MOVWF  3F
03B4:  MOVF   78,W
03B5:  MOVWF  3E
03B6:  MOVF   77,W
03B7:  MOVWF  3D
03B8:  CLRF   44
03B9:  CLRF   43
03BA:  CLRF   42
03BB:  CLRF   41
03BC:  MOVF   40,W
03BD:  MOVWF  48
03BE:  MOVF   3F,W
03BF:  MOVWF  47
03C0:  MOVF   3E,W
03C1:  MOVWF  46
03C2:  MOVF   3D,W
03C3:  MOVWF  45
03C4:  CALL   096
03C5:  BTFSS  03.0
03C6:  GOTO   3CE
....................                duty = duty - 1;
03C7:  MOVLW  01
03C8:  SUBWF  20,F
03C9:  MOVLW  00
03CA:  BTFSS  03.0
03CB:  MOVLW  01
03CC:  SUBWF  21,F
....................             }
03CD:  GOTO   3D2
....................             else{
....................                duty = duty + 1;
03CE:  MOVLW  01
03CF:  ADDWF  20,F
03D0:  BTFSC  03.0
03D1:  INCF   21,F
....................             }
....................          }
....................        }  
....................        V2 = V1;
03D2:  MOVF   27,W
03D3:  MOVWF  2B
03D4:  MOVF   26,W
03D5:  MOVWF  2A
03D6:  MOVF   25,W
03D7:  MOVWF  29
03D8:  MOVF   24,W
03D9:  MOVWF  28
....................        I2 = I1;
03DA:  MOVF   2F,W
03DB:  MOVWF  33
03DC:  MOVF   2E,W
03DD:  MOVWF  32
03DE:  MOVF   2D,W
03DF:  MOVWF  31
03E0:  MOVF   2C,W
03E1:  MOVWF  30
03E2:  GOTO   274
....................     }
.................... }
03E3:  SLEEP

Configuration Fuses:
   Word  1: 2FE4   INTRC_IO NOWDT PUT MCLR NOPROTECT NOCPD BROWNOUT IESO FCMEN NOLVP NODEBUG
   Word  2: 3FFF   BORV40 NOWRT
