CCS PCM C Compiler, Version 5.095d, 1               12-Aug-20 19:18
Compiler operating in Evaluation Mode
To obtain a fully enabled compiler visit www.ccsinfo.com/products

               Filename:   C:\Users\Usuario\OneDrive\Escritorio\USB\Verano 2020\Electiva de Electronica de Potencia\Proyecto 2\Simulaci-n-de-Paneles-PV-en-proteus\PIC PWM\CodigoPic16f887.lst

               ROM used:   1548 words (19%)
                           Largest free fragment is 2048
               RAM used:   39 (11%) at main() level
                           51 (14%) worst case
               Stack used: 5 locations
               Stack size: 8

0000:  MOVLW  04
0001:  MOVWF  0A
0002:  GOTO   425
0003:  NOP
.................... //Vladimir Alfaro - Universidad Simón Bolívar - 09/08/2020 
.................... // Con este código se pretende diseñar el algoritmo de control MMPT para un microcontrolador PIC16F887
.................... //-----------------------------------------------------------------------------------------------------
.................... 
.................... #include <16f887.h>
.................... //////////// Standard Header file for the PIC16F887 device ////////////////
.................... ///////////////////////////////////////////////////////////////////////////
.................... ////        (C) Copyright 1996, 2020 Custom Computer Services          ////
.................... //// This source code may only be used by licensed users of the CCS C  ////
.................... //// compiler.  This source code may only be distributed to other      ////
.................... //// licensed users of the CCS C compiler.  No other use, reproduction ////
.................... //// or distribution is permitted without written permission.          ////
.................... //// Derivative programs created using this software in object code    ////
.................... //// form are not restricted in any way.                               ////
.................... ///////////////////////////////////////////////////////////////////////////
.................... #device PIC16F887
0004:  DATA 0C,00
0005:  DATA 45,36
0006:  DATA 20,22
0007:  DATA 75,3A
0008:  DATA 79,10
0009:  DATA C3,3C
000A:  DATA 63,36
000B:  DATA 65,10
000C:  DATA E5,39
000D:  DATA 3A,00
000E:  DATA 44,10
000F:  DATA 3D,10
0010:  DATA A5,34
0011:  DATA 00,00
0012:  DATA 0C,00
*
00F6:  MOVF   0B,W
00F7:  MOVWF  3E
00F8:  BCF    0B.7
00F9:  BSF    03.5
00FA:  BSF    03.6
00FB:  BSF    0C.7
00FC:  BSF    0C.0
00FD:  NOP
00FE:  NOP
00FF:  BCF    03.5
0100:  BCF    03.6
0101:  BTFSC  3E.7
0102:  BSF    0B.7
0103:  BSF    03.6
0104:  MOVF   0C,W
0105:  ANDLW  7F
0106:  BTFSC  03.2
0107:  GOTO   14A
0108:  BCF    03.6
0109:  MOVWF  3E
010A:  BSF    03.6
010B:  MOVF   0D,W
010C:  BCF    03.6
010D:  MOVWF  3F
010E:  BSF    03.6
010F:  MOVF   0F,W
0110:  BCF    03.6
0111:  MOVWF  40
0112:  MOVF   3E,W
0113:  MOVWF  44
0114:  CALL   0CA
0115:  MOVF   3F,W
0116:  BSF    03.6
0117:  MOVWF  0D
0118:  BCF    03.6
0119:  MOVF   40,W
011A:  BSF    03.6
011B:  MOVWF  0F
011C:  BCF    03.6
011D:  MOVF   0B,W
011E:  MOVWF  41
011F:  BCF    0B.7
0120:  BSF    03.5
0121:  BSF    03.6
0122:  BSF    0C.7
0123:  BSF    0C.0
0124:  NOP
0125:  NOP
0126:  BCF    03.5
0127:  BCF    03.6
0128:  BTFSC  41.7
0129:  BSF    0B.7
012A:  BSF    03.6
012B:  RLF    0C,W
012C:  RLF    0E,W
012D:  ANDLW  7F
012E:  BTFSC  03.2
012F:  GOTO   14A
0130:  BCF    03.6
0131:  MOVWF  3E
0132:  BSF    03.6
0133:  MOVF   0D,W
0134:  BCF    03.6
0135:  MOVWF  3F
0136:  BSF    03.6
0137:  MOVF   0F,W
0138:  BCF    03.6
0139:  MOVWF  40
013A:  MOVF   3E,W
013B:  MOVWF  44
013C:  CALL   0CA
013D:  MOVF   3F,W
013E:  BSF    03.6
013F:  MOVWF  0D
0140:  BCF    03.6
0141:  MOVF   40,W
0142:  BSF    03.6
0143:  MOVWF  0F
0144:  INCF   0D,F
0145:  BTFSC  03.2
0146:  INCF   0F,F
0147:  BCF    03.6
0148:  GOTO   0F6
0149:  BSF    03.6
014A:  BCF    03.6
014B:  RETURN
014C:  MOVLW  8E
014D:  MOVWF  77
014E:  MOVF   3F,W
014F:  MOVWF  78
0150:  MOVF   3E,W
0151:  MOVWF  79
0152:  CLRF   7A
0153:  MOVF   78,F
0154:  BTFSS  03.2
0155:  GOTO   160
0156:  MOVF   79,W
0157:  MOVWF  78
0158:  CLRF   79
0159:  MOVLW  08
015A:  SUBWF  77,F
015B:  MOVF   78,F
015C:  BTFSS  03.2
015D:  GOTO   160
015E:  CLRF   77
015F:  GOTO   168
0160:  BCF    03.0
0161:  BTFSC  78.7
0162:  GOTO   167
0163:  RLF    79,F
0164:  RLF    78,F
0165:  DECF   77,F
0166:  GOTO   160
0167:  BCF    78.7
0168:  RETURN
0169:  MOVF   3E,W
016A:  BTFSC  03.2
016B:  GOTO   1D9
016C:  MOVWF  46
016D:  MOVF   42,W
016E:  BTFSC  03.2
016F:  GOTO   1D9
0170:  ADDWF  46,F
0171:  BTFSC  03.0
0172:  GOTO   17A
0173:  MOVLW  7F
0174:  SUBWF  46,F
0175:  BTFSS  03.0
0176:  GOTO   1D9
0177:  BTFSC  03.2
0178:  GOTO   1D9
0179:  GOTO   17E
017A:  MOVLW  81
017B:  ADDWF  46,F
017C:  BTFSC  03.0
017D:  GOTO   1D9
017E:  MOVF   46,W
017F:  MOVWF  77
0180:  CLRF   78
0181:  CLRF   79
0182:  CLRF   7A
0183:  MOVF   3F,W
0184:  MOVWF  4A
0185:  BSF    4A.7
0186:  MOVF   40,W
0187:  MOVWF  49
0188:  MOVF   41,W
0189:  MOVWF  48
018A:  MOVLW  18
018B:  MOVWF  46
018C:  CLRF   47
018D:  BTFSS  48.0
018E:  GOTO   1A7
018F:  MOVF   45,W
0190:  ADDWF  7A,F
0191:  BTFSS  03.0
0192:  GOTO   199
0193:  INCF   79,F
0194:  BTFSS  03.2
0195:  GOTO   199
0196:  INCF   78,F
0197:  BTFSC  03.2
0198:  BSF    47.7
0199:  MOVF   44,W
019A:  ADDWF  79,F
019B:  BTFSS  03.0
019C:  GOTO   1A0
019D:  INCF   78,F
019E:  BTFSC  03.2
019F:  BSF    47.7
01A0:  MOVF   43,W
01A1:  MOVWF  40
01A2:  BSF    40.7
01A3:  MOVF   40,W
01A4:  ADDWF  78,F
01A5:  BTFSC  03.0
01A6:  BSF    47.7
01A7:  RLF    47,F
01A8:  RRF    78,F
01A9:  RRF    79,F
01AA:  RRF    7A,F
01AB:  RRF    4A,F
01AC:  RRF    49,F
01AD:  RRF    48,F
01AE:  BCF    03.0
01AF:  DECFSZ 46,F
01B0:  GOTO   18C
01B1:  MOVLW  01
01B2:  ADDWF  77,F
01B3:  BTFSC  03.0
01B4:  GOTO   1D9
01B5:  BTFSC  78.7
01B6:  GOTO   1BE
01B7:  RLF    4A,F
01B8:  RLF    7A,F
01B9:  RLF    79,F
01BA:  RLF    78,F
01BB:  DECF   77,F
01BC:  BTFSC  03.2
01BD:  GOTO   1D9
01BE:  BTFSS  4A.7
01BF:  GOTO   1CF
01C0:  INCF   7A,F
01C1:  BTFSS  03.2
01C2:  GOTO   1CF
01C3:  INCF   79,F
01C4:  BTFSS  03.2
01C5:  GOTO   1CF
01C6:  INCF   78,F
01C7:  BTFSS  03.2
01C8:  GOTO   1CF
01C9:  RRF    78,F
01CA:  RRF    79,F
01CB:  RRF    7A,F
01CC:  INCF   77,F
01CD:  BTFSC  03.2
01CE:  GOTO   1D9
01CF:  MOVF   3F,W
01D0:  MOVWF  47
01D1:  MOVF   43,W
01D2:  XORWF  47,F
01D3:  BTFSS  47.7
01D4:  GOTO   1D7
01D5:  BSF    78.7
01D6:  GOTO   1DD
01D7:  BCF    78.7
01D8:  GOTO   1DD
01D9:  CLRF   77
01DA:  CLRF   78
01DB:  CLRF   79
01DC:  CLRF   7A
01DD:  RETURN
01DE:  MOVF   43,W
01DF:  MOVWF  4A
01E0:  MOVF   47,W
01E1:  XORWF  4A,F
01E2:  BTFSS  4A.7
01E3:  GOTO   1E9
01E4:  BCF    03.2
01E5:  BCF    03.0
01E6:  BTFSC  43.7
01E7:  BSF    03.0
01E8:  GOTO   21C
01E9:  MOVF   43,W
01EA:  MOVWF  4A
01EB:  MOVF   46,W
01EC:  MOVWF  4B
01ED:  MOVF   42,W
01EE:  SUBWF  4B,F
01EF:  BTFSC  03.2
01F0:  GOTO   1F7
01F1:  BTFSS  4A.7
01F2:  GOTO   21C
01F3:  MOVF   03,W
01F4:  XORLW  01
01F5:  MOVWF  03
01F6:  GOTO   21C
01F7:  MOVF   47,W
01F8:  MOVWF  4B
01F9:  MOVF   43,W
01FA:  SUBWF  4B,F
01FB:  BTFSC  03.2
01FC:  GOTO   203
01FD:  BTFSS  4A.7
01FE:  GOTO   21C
01FF:  MOVF   03,W
0200:  XORLW  01
0201:  MOVWF  03
0202:  GOTO   21C
0203:  MOVF   48,W
0204:  MOVWF  4B
0205:  MOVF   44,W
0206:  SUBWF  4B,F
0207:  BTFSC  03.2
0208:  GOTO   20F
0209:  BTFSS  4A.7
020A:  GOTO   21C
020B:  MOVF   03,W
020C:  XORLW  01
020D:  MOVWF  03
020E:  GOTO   21C
020F:  MOVF   49,W
0210:  MOVWF  4B
0211:  MOVF   45,W
0212:  SUBWF  4B,F
0213:  BTFSC  03.2
0214:  GOTO   21B
0215:  BTFSS  4A.7
0216:  GOTO   21C
0217:  MOVF   03,W
0218:  XORLW  01
0219:  MOVWF  03
021A:  GOTO   21C
021B:  BCF    03.0
021C:  RETURN
021D:  MOVLW  80
021E:  BTFSC  03.1
021F:  XORWF  43,F
0220:  CLRF   48
0221:  CLRF   49
0222:  MOVF   3F,W
0223:  MOVWF  47
0224:  MOVF   43,W
0225:  XORWF  47,F
0226:  MOVF   3E,W
0227:  BTFSC  03.2
0228:  GOTO   30D
0229:  MOVWF  46
022A:  MOVWF  77
022B:  MOVF   42,W
022C:  BTFSC  03.2
022D:  GOTO   316
022E:  SUBWF  46,F
022F:  BTFSC  03.2
0230:  GOTO   2B2
0231:  BTFSS  03.0
0232:  GOTO   270
0233:  MOVF   43,W
0234:  MOVWF  4C
0235:  BSF    4C.7
0236:  MOVF   44,W
0237:  MOVWF  4B
0238:  MOVF   45,W
0239:  MOVWF  4A
023A:  CLRF   49
023B:  BCF    03.0
023C:  RRF    4C,F
023D:  RRF    4B,F
023E:  RRF    4A,F
023F:  RRF    49,F
0240:  DECFSZ 46,F
0241:  GOTO   23A
0242:  BTFSS  47.7
0243:  GOTO   247
0244:  BSF    48.0
0245:  GOTO   32A
0246:  BCF    48.0
0247:  BCF    46.0
0248:  BSF    48.4
0249:  MOVLW  41
024A:  MOVWF  04
024B:  BCF    03.7
024C:  GOTO   33F
024D:  BCF    48.4
024E:  BTFSC  47.7
024F:  GOTO   25A
0250:  BTFSS  46.0
0251:  GOTO   265
0252:  RRF    4C,F
0253:  RRF    4B,F
0254:  RRF    4A,F
0255:  RRF    49,F
0256:  INCF   77,F
0257:  BTFSC  03.2
0258:  GOTO   325
0259:  GOTO   265
025A:  BTFSC  4C.7
025B:  GOTO   268
025C:  BCF    03.0
025D:  RLF    49,F
025E:  RLF    4A,F
025F:  RLF    4B,F
0260:  RLF    4C,F
0261:  DECF   77,F
0262:  BTFSC  03.2
0263:  GOTO   325
0264:  GOTO   25A
0265:  BSF    48.6
0266:  GOTO   2D2
0267:  BCF    48.6
0268:  MOVF   3F,W
0269:  MOVWF  47
026A:  BTFSS  47.7
026B:  GOTO   26E
026C:  BSF    4C.7
026D:  GOTO   31E
026E:  BCF    4C.7
026F:  GOTO   31E
0270:  MOVF   42,W
0271:  MOVWF  46
0272:  MOVWF  77
0273:  MOVF   3E,W
0274:  SUBWF  46,F
0275:  MOVF   3F,W
0276:  MOVWF  4C
0277:  BSF    4C.7
0278:  MOVF   40,W
0279:  MOVWF  4B
027A:  MOVF   41,W
027B:  MOVWF  4A
027C:  CLRF   49
027D:  BCF    03.0
027E:  RRF    4C,F
027F:  RRF    4B,F
0280:  RRF    4A,F
0281:  RRF    49,F
0282:  DECFSZ 46,F
0283:  GOTO   27C
0284:  BTFSS  47.7
0285:  GOTO   289
0286:  BSF    48.1
0287:  GOTO   32A
0288:  BCF    48.1
0289:  BCF    46.0
028A:  BSF    48.5
028B:  MOVLW  45
028C:  MOVWF  04
028D:  BCF    03.7
028E:  GOTO   33F
028F:  BCF    48.5
0290:  BTFSC  47.7
0291:  GOTO   29C
0292:  BTFSS  46.0
0293:  GOTO   2A7
0294:  RRF    4C,F
0295:  RRF    4B,F
0296:  RRF    4A,F
0297:  RRF    49,F
0298:  INCF   77,F
0299:  BTFSC  03.2
029A:  GOTO   325
029B:  GOTO   2A7
029C:  BTFSC  4C.7
029D:  GOTO   2AA
029E:  BCF    03.0
029F:  RLF    49,F
02A0:  RLF    4A,F
02A1:  RLF    4B,F
02A2:  RLF    4C,F
02A3:  DECF   77,F
02A4:  BTFSC  03.2
02A5:  GOTO   325
02A6:  GOTO   29C
02A7:  BSF    48.7
02A8:  GOTO   2D2
02A9:  BCF    48.7
02AA:  MOVF   43,W
02AB:  MOVWF  47
02AC:  BTFSS  47.7
02AD:  GOTO   2B0
02AE:  BSF    4C.7
02AF:  GOTO   31E
02B0:  BCF    4C.7
02B1:  GOTO   31E
02B2:  MOVF   43,W
02B3:  MOVWF  4C
02B4:  BSF    4C.7
02B5:  MOVF   44,W
02B6:  MOVWF  4B
02B7:  MOVF   45,W
02B8:  MOVWF  4A
02B9:  BTFSS  47.7
02BA:  GOTO   2BF
02BB:  BCF    4C.7
02BC:  BSF    48.2
02BD:  GOTO   32A
02BE:  BCF    48.2
02BF:  CLRF   49
02C0:  BCF    46.0
02C1:  MOVLW  41
02C2:  MOVWF  04
02C3:  BCF    03.7
02C4:  GOTO   33F
02C5:  BTFSC  47.7
02C6:  GOTO   2E8
02C7:  MOVF   3F,W
02C8:  MOVWF  47
02C9:  BTFSS  46.0
02CA:  GOTO   2D2
02CB:  RRF    4C,F
02CC:  RRF    4B,F
02CD:  RRF    4A,F
02CE:  RRF    49,F
02CF:  INCF   77,F
02D0:  BTFSC  03.2
02D1:  GOTO   325
02D2:  BTFSS  49.7
02D3:  GOTO   2E3
02D4:  INCF   4A,F
02D5:  BTFSS  03.2
02D6:  GOTO   2E3
02D7:  INCF   4B,F
02D8:  BTFSS  03.2
02D9:  GOTO   2E3
02DA:  INCF   4C,F
02DB:  BTFSS  03.2
02DC:  GOTO   2E3
02DD:  RRF    4C,F
02DE:  RRF    4B,F
02DF:  RRF    4A,F
02E0:  INCF   77,F
02E1:  BTFSC  03.2
02E2:  GOTO   325
02E3:  BTFSC  48.6
02E4:  GOTO   267
02E5:  BTFSC  48.7
02E6:  GOTO   2A9
02E7:  GOTO   307
02E8:  MOVLW  80
02E9:  XORWF  4C,F
02EA:  BTFSS  4C.7
02EB:  GOTO   2F0
02EC:  GOTO   32A
02ED:  MOVF   43,W
02EE:  MOVWF  47
02EF:  GOTO   2FD
02F0:  MOVF   3F,W
02F1:  MOVWF  47
02F2:  MOVF   4C,F
02F3:  BTFSS  03.2
02F4:  GOTO   2FD
02F5:  MOVF   4B,F
02F6:  BTFSS  03.2
02F7:  GOTO   2FD
02F8:  MOVF   4A,F
02F9:  BTFSS  03.2
02FA:  GOTO   2FD
02FB:  CLRF   77
02FC:  GOTO   31E
02FD:  BTFSC  4C.7
02FE:  GOTO   307
02FF:  BCF    03.0
0300:  RLF    49,F
0301:  RLF    4A,F
0302:  RLF    4B,F
0303:  RLF    4C,F
0304:  DECFSZ 77,F
0305:  GOTO   2FD
0306:  GOTO   325
0307:  BTFSS  47.7
0308:  GOTO   30B
0309:  BSF    4C.7
030A:  GOTO   31E
030B:  BCF    4C.7
030C:  GOTO   31E
030D:  MOVF   42,W
030E:  MOVWF  77
030F:  MOVF   43,W
0310:  MOVWF  4C
0311:  MOVF   44,W
0312:  MOVWF  4B
0313:  MOVF   45,W
0314:  MOVWF  4A
0315:  GOTO   31E
0316:  MOVF   3E,W
0317:  MOVWF  77
0318:  MOVF   3F,W
0319:  MOVWF  4C
031A:  MOVF   40,W
031B:  MOVWF  4B
031C:  MOVF   41,W
031D:  MOVWF  4A
031E:  MOVF   4C,W
031F:  MOVWF  78
0320:  MOVF   4B,W
0321:  MOVWF  79
0322:  MOVF   4A,W
0323:  MOVWF  7A
0324:  GOTO   35D
0325:  CLRF   77
0326:  CLRF   78
0327:  CLRF   79
0328:  CLRF   7A
0329:  GOTO   35D
032A:  CLRF   49
032B:  COMF   4A,F
032C:  COMF   4B,F
032D:  COMF   4C,F
032E:  COMF   49,F
032F:  INCF   49,F
0330:  BTFSS  03.2
0331:  GOTO   338
0332:  INCF   4A,F
0333:  BTFSS  03.2
0334:  GOTO   338
0335:  INCF   4B,F
0336:  BTFSC  03.2
0337:  INCF   4C,F
0338:  BTFSC  48.0
0339:  GOTO   246
033A:  BTFSC  48.1
033B:  GOTO   288
033C:  BTFSC  48.2
033D:  GOTO   2BE
033E:  GOTO   2ED
033F:  MOVF   00,W
0340:  ADDWF  4A,F
0341:  BTFSS  03.0
0342:  GOTO   349
0343:  INCF   4B,F
0344:  BTFSS  03.2
0345:  GOTO   349
0346:  INCF   4C,F
0347:  BTFSC  03.2
0348:  BSF    46.0
0349:  DECF   04,F
034A:  MOVF   00,W
034B:  ADDWF  4B,F
034C:  BTFSS  03.0
034D:  GOTO   351
034E:  INCF   4C,F
034F:  BTFSC  03.2
0350:  BSF    46.0
0351:  DECF   04,F
0352:  MOVF   00,W
0353:  BTFSS  00.7
0354:  XORLW  80
0355:  ADDWF  4C,F
0356:  BTFSC  03.0
0357:  BSF    46.0
0358:  BTFSC  48.4
0359:  GOTO   24D
035A:  BTFSC  48.5
035B:  GOTO   28F
035C:  GOTO   2C5
035D:  RETURN
035E:  MOVF   0B,W
035F:  MOVWF  3F
0360:  BCF    0B.7
0361:  BSF    03.5
0362:  BSF    03.6
0363:  BSF    0C.7
0364:  BSF    0C.0
0365:  NOP
0366:  NOP
0367:  BCF    03.5
0368:  BCF    03.6
0369:  BTFSC  3F.7
036A:  BSF    0B.7
036B:  BTFSC  03.0
036C:  GOTO   395
036D:  BSF    03.6
036E:  MOVF   0C,W
036F:  ANDLW  7F
0370:  BCF    03.6
0371:  MOVWF  3F
0372:  BSF    03.6
0373:  MOVF   0D,W
0374:  BCF    03.6
0375:  MOVWF  40
0376:  BSF    03.6
0377:  MOVF   0F,W
0378:  BCF    03.6
0379:  MOVWF  41
037A:  MOVF   3F,W
037B:  MOVWF  44
037C:  CALL   0CA
037D:  MOVF   40,W
037E:  BSF    03.6
037F:  MOVWF  0D
0380:  BCF    03.6
0381:  MOVF   41,W
0382:  BSF    03.6
0383:  MOVWF  0F
0384:  BCF    03.6
0385:  MOVF   0B,W
0386:  MOVWF  42
0387:  BCF    0B.7
0388:  BSF    03.5
0389:  BSF    03.6
038A:  BSF    0C.7
038B:  BSF    0C.0
038C:  NOP
038D:  NOP
038E:  BCF    03.5
038F:  BCF    03.6
0390:  BTFSC  42.7
0391:  BSF    0B.7
0392:  DECFSZ 3E,F
0393:  GOTO   395
0394:  GOTO   3B4
0395:  BSF    03.6
0396:  RLF    0C,W
0397:  RLF    0E,W
0398:  ANDLW  7F
0399:  BCF    03.6
039A:  MOVWF  3F
039B:  BSF    03.6
039C:  MOVF   0D,W
039D:  BCF    03.6
039E:  MOVWF  40
039F:  BSF    03.6
03A0:  MOVF   0F,W
03A1:  BCF    03.6
03A2:  MOVWF  41
03A3:  MOVF   3F,W
03A4:  MOVWF  44
03A5:  CALL   0CA
03A6:  MOVF   40,W
03A7:  BSF    03.6
03A8:  MOVWF  0D
03A9:  BCF    03.6
03AA:  MOVF   41,W
03AB:  BSF    03.6
03AC:  MOVWF  0F
03AD:  INCF   0D,F
03AE:  BTFSC  03.2
03AF:  INCF   0F,F
03B0:  BCF    03.0
03B1:  BCF    03.6
03B2:  DECFSZ 3E,F
03B3:  GOTO   35E
03B4:  BCF    0A.3
03B5:  BCF    0A.4
03B6:  GOTO   5F7 (RETURN)
03B7:  MOVF   45,W
03B8:  CLRF   78
03B9:  SUBWF  44,W
03BA:  BTFSC  03.0
03BB:  GOTO   3BF
03BC:  MOVF   44,W
03BD:  MOVWF  77
03BE:  GOTO   3CB
03BF:  CLRF   77
03C0:  MOVLW  08
03C1:  MOVWF  46
03C2:  RLF    44,F
03C3:  RLF    77,F
03C4:  MOVF   45,W
03C5:  SUBWF  77,W
03C6:  BTFSC  03.0
03C7:  MOVWF  77
03C8:  RLF    78,F
03C9:  DECFSZ 46,F
03CA:  GOTO   3C2
03CB:  RETURN
03CC:  MOVLW  20
03CD:  BTFSS  3F.4
03CE:  MOVLW  30
03CF:  MOVWF  40
03D0:  MOVF   3E,W
03D1:  MOVWF  77
03D2:  BTFSS  3E.7
03D3:  GOTO   3DC
03D4:  COMF   77,F
03D5:  INCF   77,F
03D6:  MOVF   77,W
03D7:  MOVWF  3E
03D8:  MOVLW  2D
03D9:  MOVWF  40
03DA:  BSF    3F.7
03DB:  BSF    3F.0
03DC:  MOVF   3E,W
03DD:  MOVWF  44
03DE:  MOVLW  64
03DF:  MOVWF  45
03E0:  CALL   3B7
03E1:  MOVF   77,W
03E2:  MOVWF  3E
03E3:  MOVLW  30
03E4:  ADDWF  78,W
03E5:  MOVWF  41
03E6:  MOVF   3E,W
03E7:  MOVWF  44
03E8:  MOVLW  0A
03E9:  MOVWF  45
03EA:  CALL   3B7
03EB:  MOVLW  30
03EC:  ADDWF  77,W
03ED:  MOVWF  43
03EE:  MOVLW  30
03EF:  ADDWF  78,W
03F0:  MOVWF  42
03F1:  MOVF   40,W
03F2:  MOVWF  77
03F3:  MOVLW  30
03F4:  SUBWF  41,W
03F5:  BTFSC  03.2
03F6:  GOTO   3FB
03F7:  BSF    3F.1
03F8:  BTFSC  3F.7
03F9:  BSF    3F.2
03FA:  GOTO   40F
03FB:  MOVF   40,W
03FC:  MOVWF  41
03FD:  MOVLW  20
03FE:  MOVWF  40
03FF:  MOVLW  30
0400:  SUBWF  42,W
0401:  BTFSC  03.2
0402:  GOTO   407
0403:  BSF    3F.0
0404:  BTFSC  3F.7
0405:  BSF    3F.1
0406:  GOTO   40F
0407:  BTFSS  03.2
0408:  BSF    3F.0
0409:  BTFSS  03.2
040A:  GOTO   40F
040B:  MOVF   41,W
040C:  MOVWF  42
040D:  MOVLW  20
040E:  MOVWF  41
040F:  BTFSC  3F.2
0410:  GOTO   416
0411:  BTFSC  3F.1
0412:  GOTO   419
0413:  BTFSC  3F.0
0414:  GOTO   41C
0415:  GOTO   41F
0416:  MOVF   40,W
0417:  MOVWF  44
0418:  CALL   0CA
0419:  MOVF   41,W
041A:  MOVWF  44
041B:  CALL   0CA
041C:  MOVF   42,W
041D:  MOVWF  44
041E:  CALL   0CA
041F:  MOVF   43,W
0420:  MOVWF  44
0421:  CALL   0CA
0422:  BCF    0A.3
0423:  BCF    0A.4
0424:  GOTO   5FC (RETURN)
.................... 
.................... #list
.................... 
.................... #device ADC = 10     // Conversor Analógico Digital con  10 bits de resolución
.................... #fuses XT, NOWDT, NOPROTECT, NOLVP, PUT, BROWNOUT, INTRC_IO
.................... #use delay(clock=4000000)
*
0013:  MOVLW  45
0014:  MOVWF  04
0015:  BCF    03.7
0016:  MOVF   00,W
0017:  BTFSC  03.2
0018:  GOTO   027
0019:  MOVLW  01
001A:  MOVWF  78
001B:  CLRF   77
001C:  DECFSZ 77,F
001D:  GOTO   01C
001E:  DECFSZ 78,F
001F:  GOTO   01B
0020:  MOVLW  4A
0021:  MOVWF  77
0022:  DECFSZ 77,F
0023:  GOTO   022
0024:  GOTO   025
0025:  DECFSZ 00,F
0026:  GOTO   019
0027:  RETURN
.................... #include <LCD.C>
.................... ///////////////////////////////////////////////////////////////////////////////
.................... ////                             LCD.C                                     ////
.................... ////                 Driver for common LCD modules                         ////
.................... ////                                                                       ////
.................... ////  lcd_init()   Must be called before any other function.               ////
.................... ////                                                                       ////
.................... ////  lcd_putc(c)  Will display c on the next position of the LCD.         ////
.................... ////                 \a  Set cursor position to upper left                 ////
.................... ////                 \f  Clear display, set cursor to upper left           ////
.................... ////                 \n  Go to start of second line                        ////
.................... ////                 \b  Move back one position                            ////
.................... ////              If LCD_EXTENDED_NEWLINE is defined, the \n character     ////
.................... ////              will erase all remanining characters on the current      ////
.................... ////              line, and move the cursor to the beginning of the next   ////
.................... ////              line.                                                    ////
.................... ////              If LCD_EXTENDED_NEWLINE is defined, the \r character     ////
.................... ////              will move the cursor to the start of the current         ////
.................... ////              line.                                                    ////
.................... ////                                                                       ////
.................... ////  lcd_gotoxy(x,y) Set write position on LCD (upper left is 1,1)        ////
.................... ////                                                                       ////
.................... ////  lcd_getc(x,y)   Returns character at position x,y on LCD             ////
.................... ////                                                                       ////
.................... ////  lcd_cursor_on(int1 on)   Turn the cursor on (on=TRUE) or off         ////
.................... ////              (on=FALSE).                                              ////
.................... ////                                                                       ////
.................... ////  lcd_set_cgram_char(w, *p)   Write a custom character to the CGRAM.   ////
.................... ////                                                                       ////
.................... ////                                                                       ////
.................... ////  CONFIGURATION                                                        ////
.................... ////  The LCD can be configured in one of two ways: a.) port access or     ////
.................... ////  b.) pin access.  Port access requires the entire 7 bit interface     ////
.................... ////  connected to one GPIO port, and the data bits (D4:D7 of the LCD)     ////
.................... ////  connected to sequential pins on the GPIO.  Pin access                ////
.................... ////  has no requirements, all 7 bits of the control interface can         ////
.................... ////  can be connected to any GPIO using several ports.                    ////
.................... ////                                                                       ////
.................... ////  To use port access, #define LCD_DATA_PORT to the SFR location of     ////
.................... ////  of the GPIO port that holds the interface, -AND- edit LCD_PIN_MAP    ////
.................... ////  of this file to configure the pin order.  If you are using a         ////
.................... ////  baseline PIC (PCB), then LCD_OUTPUT_MAP and LCD_INPUT_MAP also must  ////
.................... ////  be defined.                                                          ////
.................... ////                                                                       ////
.................... ////  Example of port access:                                              ////
.................... ////     #define LCD_DATA_PORT getenv("SFR:PORTD")                         ////
.................... ////                                                                       ////
.................... ////  To use pin access, the following pins must be defined:               ////
.................... ////     LCD_ENABLE_PIN                                                    ////
.................... ////     LCD_RS_PIN                                                        ////
.................... ////     LCD_RW_PIN                                                        ////
.................... ////     LCD_DATA4                                                         ////
.................... ////     LCD_DATA5                                                         ////
.................... ////     LCD_DATA6                                                         ////
.................... ////     LCD_DATA7                                                         ////
.................... ////                                                                       ////
.................... ////  Example of pin access:                                               ////
.................... ////     #define LCD_ENABLE_PIN  PIN_E0                                    ////
.................... ////     #define LCD_RS_PIN      PIN_E1                                    ////
.................... ////     #define LCD_RW_PIN      PIN_E2                                    ////
.................... ////     #define LCD_DATA4       PIN_D4                                    ////
.................... ////     #define LCD_DATA5       PIN_D5                                    ////
.................... ////     #define LCD_DATA6       PIN_D6                                    ////
.................... ////     #define LCD_DATA7       PIN_D7                                    ////
.................... ////                                                                       ////
.................... ///////////////////////////////////////////////////////////////////////////////
.................... ////        (C) Copyright 1996,2010 Custom Computer Services           ////
.................... //// This source code may only be used by licensed users of the CCS C  ////
.................... //// compiler.  This source code may only be distributed to other      ////
.................... //// licensed users of the CCS C compiler.  No other use, reproduction ////
.................... //// or distribution is permitted without written permission.          ////
.................... //// Derivative programs created using this software in object code    ////
.................... //// form are not restricted in any way.                               ////
.................... ///////////////////////////////////////////////////////////////////////////
.................... 
.................... #ifndef __LCD_C__
.................... #define __LCD_C__
.................... 
.................... // define the pinout.
.................... // only required if port access is being used.
.................... typedef struct  
.................... {                            // This structure is overlayed
....................    int1 enable;           // on to an I/O port to gain
....................    int1 rs;               // access to the LCD pins.
....................    int1 rw;               // The bits are allocated from
....................    int1 unused;           // low order up.  ENABLE will
....................    unsigned int     data : 4;         // be LSB pin of that port.
....................   #if defined(__PCD__)       // The port used will be LCD_DATA_PORT.
....................    unsigned int    reserved: 8;
....................   #endif
.................... } LCD_PIN_MAP;
.................... 
.................... // this is to improve compatability with previous LCD drivers that accepted
.................... // a define labeled 'use_portb_lcd' that configured the LCD onto port B.
.................... #if ((defined(use_portb_lcd)) && (use_portb_lcd==TRUE))
....................  #define LCD_DATA_PORT getenv("SFR:PORTB")
.................... #endif
.................... 
.................... #if defined(__PCB__)
....................    // these definitions only need to be modified for baseline PICs.
....................    // all other PICs use LCD_PIN_MAP or individual LCD_xxx pin definitions.
.................... /*                                    EN, RS,   RW,   UNUSED,  DATA  */
....................  const LCD_PIN_MAP LCD_OUTPUT_MAP =  {0,  0,    0,    0,       0};
....................  const LCD_PIN_MAP LCD_INPUT_MAP =   {0,  0,    0,    0,       0xF};
.................... #endif
.................... 
.................... ////////////////////// END CONFIGURATION ///////////////////////////////////
.................... 
.................... #ifndef LCD_ENABLE_PIN
....................    #define lcd_output_enable(x) lcdlat.enable=x
....................    #define lcd_enable_tris()   lcdtris.enable=0
.................... #else
....................    #define lcd_output_enable(x) output_bit(LCD_ENABLE_PIN, x)
....................    #define lcd_enable_tris()  output_drive(LCD_ENABLE_PIN)
.................... #endif
.................... 
.................... #ifndef LCD_RS_PIN
....................    #define lcd_output_rs(x) lcdlat.rs=x
....................    #define lcd_rs_tris()   lcdtris.rs=0
.................... #else
....................    #define lcd_output_rs(x) output_bit(LCD_RS_PIN, x)
....................    #define lcd_rs_tris()  output_drive(LCD_RS_PIN)
.................... #endif
.................... 
.................... #ifndef LCD_RW_PIN
....................    #define lcd_output_rw(x) lcdlat.rw=x
....................    #define lcd_rw_tris()   lcdtris.rw=0
.................... #else
....................    #define lcd_output_rw(x) output_bit(LCD_RW_PIN, x)
....................    #define lcd_rw_tris()  output_drive(LCD_RW_PIN)
.................... #endif
.................... 
.................... // original version of this library incorrectly labeled LCD_DATA0 as LCD_DATA4,
.................... // LCD_DATA1 as LCD_DATA5, and so on.  this block of code makes the driver
.................... // compatible with any code written for the original library
.................... #if (defined(LCD_DATA0) && defined(LCD_DATA1) && defined(LCD_DATA2) && defined(LCD_DATA3) && !defined(LCD_DATA4) && !defined(LCD_DATA5) && !defined(LCD_DATA6) && !defined(LCD_DATA7))
....................    #define  LCD_DATA4    LCD_DATA0
....................    #define  LCD_DATA5    LCD_DATA1
....................    #define  LCD_DATA6    LCD_DATA2
....................    #define  LCD_DATA7    LCD_DATA3
.................... #endif
.................... 
.................... #ifndef LCD_DATA4
.................... #ifndef LCD_DATA_PORT
....................    #if defined(__PCB__)
....................       #define LCD_DATA_PORT      0x06     //portb
....................       #define set_tris_lcd(x)   set_tris_b(x)
....................    #else
....................      #if defined(PIN_D0)
....................       #define LCD_DATA_PORT      getenv("SFR:PORTD")     //portd
....................      #else
....................       #define LCD_DATA_PORT      getenv("SFR:PORTB")     //portb
....................      #endif
....................    #endif   
.................... #endif
.................... 
.................... #if defined(__PCB__)
....................    LCD_PIN_MAP lcd, lcdlat;
....................    #byte lcd = LCD_DATA_PORT
....................    #byte lcdlat = LCD_DATA_PORT
.................... #elif defined(__PCM__)
....................    LCD_PIN_MAP lcd, lcdlat, lcdtris;
....................    #byte lcd = LCD_DATA_PORT
....................    #byte lcdlat = LCD_DATA_PORT
....................    #byte lcdtris = LCD_DATA_PORT+0x80
.................... #elif defined(__PCH__)
....................    LCD_PIN_MAP lcd, lcdlat, lcdtris;
....................    #byte lcd = LCD_DATA_PORT
....................    #byte lcdlat = LCD_DATA_PORT+9
....................    #byte lcdtris = LCD_DATA_PORT+0x12
.................... #elif defined(__PCD__)
....................    LCD_PIN_MAP lcd, lcdlat, lcdtris;
....................    #word lcd = LCD_DATA_PORT
....................    #word lcdlat = LCD_DATA_PORT+2
....................    #word lcdtris = LCD_DATA_PORT-0x02
.................... #endif
.................... #endif   //LCD_DATA4 not defined
.................... 
.................... #ifndef LCD_TYPE
....................    #define LCD_TYPE 2           // 0=5x7, 1=5x10, 2=2 lines
.................... #endif
.................... 
.................... #ifndef LCD_LINE_TWO
....................    #define LCD_LINE_TWO 0x40    // LCD RAM address for the second line
.................... #endif
.................... 
.................... #ifndef LCD_LINE_LENGTH
....................    #define LCD_LINE_LENGTH 20
.................... #endif
.................... 
.................... unsigned int8 lcd_read_nibble(void);
.................... 
.................... unsigned int8 lcd_read_byte(void)
.................... {
....................    unsigned int8 low,high;
.................... 
....................  #if defined(__PCB__)
....................    set_tris_lcd(LCD_INPUT_MAP);
....................  #else
....................   #if (defined(LCD_DATA4) && defined(LCD_DATA5) && defined(LCD_DATA6) && defined(LCD_DATA7))
....................    output_float(LCD_DATA4);
....................    output_float(LCD_DATA5);
....................    output_float(LCD_DATA6);
....................    output_float(LCD_DATA7);
....................   #else
....................    lcdtris.data = 0xF;
*
0040:  MOVLW  0F
0041:  BSF    03.5
0042:  ANDWF  08,W
0043:  IORLW  F0
0044:  MOVWF  08
....................   #endif
....................  #endif
....................         
....................    lcd_output_rw(1);
0045:  BCF    03.5
0046:  BSF    08.2
....................    delay_cycles(1);
0047:  NOP
....................    lcd_output_enable(1);
0048:  BSF    08.0
....................    delay_cycles(1);
0049:  NOP
....................    high = lcd_read_nibble();
004A:  CALL   034
004B:  MOVF   78,W
004C:  MOVWF  4C
....................       
....................    lcd_output_enable(0);
004D:  BCF    08.0
....................    delay_cycles(1);
004E:  NOP
....................    lcd_output_enable(1);
004F:  BSF    08.0
....................    delay_us(1);
0050:  NOP
....................    low = lcd_read_nibble();
0051:  CALL   034
0052:  MOVF   78,W
0053:  MOVWF  4B
....................       
....................    lcd_output_enable(0);
0054:  BCF    08.0
.................... 
....................  #if defined(__PCB__)
....................    set_tris_lcd(LCD_OUTPUT_MAP);
....................  #else
....................   #if (defined(LCD_DATA4) && defined(LCD_DATA5) && defined(LCD_DATA6) && defined(LCD_DATA7))
....................    output_drive(LCD_DATA4);
....................    output_drive(LCD_DATA5);
....................    output_drive(LCD_DATA6);
....................    output_drive(LCD_DATA7);
....................   #else
....................    lcdtris.data = 0x0;
0055:  MOVLW  0F
0056:  BSF    03.5
0057:  ANDWF  08,W
0058:  MOVWF  08
....................   #endif
....................  #endif
.................... 
....................    return( (high<<4) | low);
0059:  BCF    03.5
005A:  SWAPF  4C,W
005B:  MOVWF  77
005C:  MOVLW  F0
005D:  ANDWF  77,F
005E:  MOVF   77,W
005F:  IORWF  4B,W
0060:  MOVWF  78
.................... }
.................... 
.................... unsigned int8 lcd_read_nibble(void)
.................... {
....................   #if (defined(LCD_DATA4) && defined(LCD_DATA5) && defined(LCD_DATA6) && defined(LCD_DATA7))
....................    unsigned int8 n = 0x00;
.................... 
....................    /* Read the data port */
....................    n |= input(LCD_DATA4);
....................    n |= input(LCD_DATA5) << 1;
....................    n |= input(LCD_DATA6) << 2;
....................    n |= input(LCD_DATA7) << 3;
....................    
....................    return(n);
....................   #else
....................    return(lcd.data);
*
0034:  MOVF   08,W
0035:  MOVWF  77
0036:  SWAPF  08,W
0037:  ANDLW  0F
0038:  MOVWF  78
....................   #endif
0039:  RETURN
.................... }
.................... 
.................... void lcd_send_nibble(unsigned int8 n)
.................... {
....................   #if (defined(LCD_DATA4) && defined(LCD_DATA5) && defined(LCD_DATA6) && defined(LCD_DATA7))
....................    /* Write to the data port */
....................    output_bit(LCD_DATA4, bit_test(n, 0));
....................    output_bit(LCD_DATA5, bit_test(n, 1));
....................    output_bit(LCD_DATA6, bit_test(n, 2));
....................    output_bit(LCD_DATA7, bit_test(n, 3));
....................   #else      
....................    lcdlat.data = n;
*
0028:  SWAPF  4C,W
0029:  ANDLW  F0
002A:  MOVWF  77
002B:  MOVLW  0F
002C:  ANDWF  08,W
002D:  IORWF  77,W
002E:  MOVWF  08
....................   #endif
....................       
....................    delay_cycles(1);
002F:  NOP
....................    lcd_output_enable(1);
0030:  BSF    08.0
....................    delay_us(2);
0031:  GOTO   032
....................    lcd_output_enable(0);
0032:  BCF    08.0
0033:  RETURN
.................... }
.................... 
.................... void lcd_send_byte(unsigned int8 address, unsigned int8 n)
.................... {
....................   #if defined(__PCB__)
....................    set_tris_lcd(LCD_OUTPUT_MAP);
....................   #else
....................    lcd_enable_tris();
*
003A:  BSF    03.5
003B:  BCF    08.0
....................    lcd_rs_tris();
003C:  BCF    08.1
....................    lcd_rw_tris();
003D:  BCF    08.2
....................   #endif
.................... 
....................    lcd_output_rs(0);
003E:  BCF    03.5
003F:  BCF    08.1
....................    while ( bit_test(lcd_read_byte(),7) ) ;
*
0061:  MOVF   78,W
0062:  MOVWF  4B
0063:  BTFSC  4B.7
0064:  GOTO   040
....................    lcd_output_rs(address);
0065:  BTFSS  49.0
0066:  BCF    08.1
0067:  BTFSC  49.0
0068:  BSF    08.1
....................    delay_cycles(1);
0069:  NOP
....................    lcd_output_rw(0);
006A:  BCF    08.2
....................    delay_cycles(1);
006B:  NOP
....................    lcd_output_enable(0);
006C:  BCF    08.0
....................    lcd_send_nibble(n >> 4);
006D:  SWAPF  4A,W
006E:  MOVWF  4B
006F:  MOVLW  0F
0070:  ANDWF  4B,F
0071:  MOVF   4B,W
0072:  MOVWF  4C
0073:  CALL   028
....................    lcd_send_nibble(n & 0xf);
0074:  MOVF   4A,W
0075:  ANDLW  0F
0076:  MOVWF  4B
0077:  MOVWF  4C
0078:  CALL   028
0079:  RETURN
.................... }
.................... 
.................... #if defined(LCD_EXTENDED_NEWLINE)
.................... unsigned int8 g_LcdX, g_LcdY;
.................... #endif
.................... 
.................... void lcd_init(void) 
.................... {
....................    unsigned int8 i;
....................    unsigned int8 LCD_INIT_STRING[4] = {0x20 | (LCD_TYPE << 2), 0xc, 1, 6};
007A:  MOVLW  28
007B:  MOVWF  3F
007C:  MOVLW  0C
007D:  MOVWF  40
007E:  MOVLW  01
007F:  MOVWF  41
0080:  MOVLW  06
0081:  MOVWF  42
....................                              // These bytes need to be sent to the LCD
....................                              // to start it up.
....................    
.................... 
....................    lcd_output_enable(0);
0082:  BCF    08.0
....................    lcd_output_rs(0);
0083:  BCF    08.1
....................    lcd_output_rw(0);
0084:  BCF    08.2
.................... 
....................  #if defined(__PCB__)
....................    set_tris_lcd(LCD_OUTPUT_MAP);
....................  #else
....................   #if (defined(LCD_DATA4) && defined(LCD_DATA5) && defined(LCD_DATA6) && defined(LCD_DATA7))
....................    output_drive(LCD_DATA4);
....................    output_drive(LCD_DATA5);
....................    output_drive(LCD_DATA6);
....................    output_drive(LCD_DATA7);
....................   #else
....................    lcdtris.data = 0x0;
0085:  MOVLW  0F
0086:  BSF    03.5
0087:  ANDWF  08,W
0088:  MOVWF  08
....................   #endif
....................    lcd_enable_tris();
0089:  BCF    08.0
....................    lcd_rs_tris();
008A:  BCF    08.1
....................    lcd_rw_tris();
008B:  BCF    08.2
....................  #endif
....................     
....................    delay_ms(15);
008C:  MOVLW  0F
008D:  BCF    03.5
008E:  MOVWF  45
008F:  CALL   013
....................    for(i=1;i<=3;++i)
0090:  MOVLW  01
0091:  MOVWF  3E
0092:  MOVF   3E,W
0093:  SUBLW  03
0094:  BTFSS  03.0
0095:  GOTO   09E
....................    {
....................        lcd_send_nibble(3);
0096:  MOVLW  03
0097:  MOVWF  4C
0098:  CALL   028
....................        delay_ms(5);
0099:  MOVLW  05
009A:  MOVWF  45
009B:  CALL   013
009C:  INCF   3E,F
009D:  GOTO   092
....................    }
....................    
....................    lcd_send_nibble(2);
009E:  MOVLW  02
009F:  MOVWF  4C
00A0:  CALL   028
....................    delay_ms(5);
00A1:  MOVLW  05
00A2:  MOVWF  45
00A3:  CALL   013
....................    for(i=0;i<=3;++i)
00A4:  CLRF   3E
00A5:  MOVF   3E,W
00A6:  SUBLW  03
00A7:  BTFSS  03.0
00A8:  GOTO   0B5
....................       lcd_send_byte(0,LCD_INIT_STRING[i]);
00A9:  MOVLW  3F
00AA:  ADDWF  3E,W
00AB:  MOVWF  04
00AC:  BCF    03.7
00AD:  MOVF   00,W
00AE:  MOVWF  43
00AF:  CLRF   49
00B0:  MOVF   43,W
00B1:  MOVWF  4A
00B2:  CALL   03A
.................... 
....................   #if defined(LCD_EXTENDED_NEWLINE)
00B3:  INCF   3E,F
00B4:  GOTO   0A5
00B5:  BCF    0A.3
00B6:  BCF    0A.4
00B7:  GOTO   486 (RETURN)
....................    g_LcdX = 0;
....................    g_LcdY = 0;
....................   #endif
.................... }
.................... 
.................... void lcd_gotoxy(unsigned int8 x, unsigned int8 y)
.................... {
....................    unsigned int8 address;
....................    
....................    if(y!=1)
00B8:  DECFSZ 46,W
00B9:  GOTO   0BB
00BA:  GOTO   0BE
....................       address=LCD_LINE_TWO;
00BB:  MOVLW  40
00BC:  MOVWF  47
00BD:  GOTO   0BF
....................    else
....................       address=0;
00BE:  CLRF   47
....................      
....................    address+=x-1;
00BF:  MOVLW  01
00C0:  SUBWF  45,W
00C1:  ADDWF  47,F
....................    lcd_send_byte(0,0x80|address);
00C2:  MOVF   47,W
00C3:  IORLW  80
00C4:  MOVWF  48
00C5:  CLRF   49
00C6:  MOVF   48,W
00C7:  MOVWF  4A
00C8:  CALL   03A
.................... 
....................   #if defined(LCD_EXTENDED_NEWLINE)
00C9:  RETURN
....................    g_LcdX = x - 1;
....................    g_LcdY = y - 1;
....................   #endif
.................... }
.................... 
.................... void lcd_putc(char c)
.................... {
....................    switch (c)
00CA:  MOVF   44,W
00CB:  XORLW  07
00CC:  BTFSC  03.2
00CD:  GOTO   0D8
00CE:  XORLW  0B
00CF:  BTFSC  03.2
00D0:  GOTO   0DD
00D1:  XORLW  06
00D2:  BTFSC  03.2
00D3:  GOTO   0E5
00D4:  XORLW  02
00D5:  BTFSC  03.2
00D6:  GOTO   0EB
00D7:  GOTO   0F0
....................    {
....................       case '\a'   :  lcd_gotoxy(1,1);     break;
00D8:  MOVLW  01
00D9:  MOVWF  45
00DA:  MOVWF  46
00DB:  CALL   0B8
00DC:  GOTO   0F5
.................... 
....................       case '\f'   :  lcd_send_byte(0,1);
00DD:  CLRF   49
00DE:  MOVLW  01
00DF:  MOVWF  4A
00E0:  CALL   03A
....................                      delay_ms(2);
00E1:  MOVLW  02
00E2:  MOVWF  45
00E3:  CALL   013
....................                     #if defined(LCD_EXTENDED_NEWLINE)
....................                      g_LcdX = 0;
....................                      g_LcdY = 0;
....................                     #endif
....................                      break;
00E4:  GOTO   0F5
.................... 
....................      #if defined(LCD_EXTENDED_NEWLINE)
....................       case '\r'   :  lcd_gotoxy(1, g_LcdY+1);   break;
....................       case '\n'   :
....................          while (g_LcdX++ < LCD_LINE_LENGTH)
....................          {
....................             lcd_send_byte(1, ' ');
....................          }
....................          lcd_gotoxy(1, g_LcdY+2);
....................          break;
....................      #else
....................       case '\n'   : lcd_gotoxy(1,2);        break;
00E5:  MOVLW  01
00E6:  MOVWF  45
00E7:  MOVLW  02
00E8:  MOVWF  46
00E9:  CALL   0B8
00EA:  GOTO   0F5
....................      #endif
....................      
....................       case '\b'   : lcd_send_byte(0,0x10);  break;
00EB:  CLRF   49
00EC:  MOVLW  10
00ED:  MOVWF  4A
00EE:  CALL   03A
00EF:  GOTO   0F5
....................      
....................      #if defined(LCD_EXTENDED_NEWLINE)
....................       default     : 
....................          if (g_LcdX < LCD_LINE_LENGTH)
....................          {
....................             lcd_send_byte(1, c);
....................             g_LcdX++;
....................          }
....................          break;
....................      #else
....................       default     : lcd_send_byte(1,c);     break;
00F0:  MOVLW  01
00F1:  MOVWF  49
00F2:  MOVF   44,W
00F3:  MOVWF  4A
00F4:  CALL   03A
....................      #endif
....................    }
00F5:  RETURN
.................... }
....................  
.................... char lcd_getc(unsigned int8 x, unsigned int8 y)
.................... {
....................    char value;
.................... 
....................    lcd_gotoxy(x,y);
....................    while ( bit_test(lcd_read_byte(),7) ); // wait until busy flag is low
....................    lcd_output_rs(1);
....................    value = lcd_read_byte();
....................    lcd_output_rs(0);
....................    
....................    return(value);
.................... }
.................... 
.................... // write a custom character to the ram
.................... // which is 0-7 and specifies which character array we are modifying.
.................... // ptr points to an array of 8 bytes, where each byte is the next row of
.................... //    pixels.  only bits 0-4 are used.  the last row is the cursor row, and
.................... //    usually you will want to leave this byte 0x00.
.................... void lcd_set_cgram_char(unsigned int8 which, unsigned int8 *ptr)
.................... {
....................    unsigned int i;
.................... 
....................    which <<= 3;
....................    which &= 0x38;
.................... 
....................    lcd_send_byte(0, 0x40 | which);  //set cgram address
.................... 
....................    for(i=0; i<8; i++)
....................    {
....................       lcd_send_byte(1, *ptr++);
....................    }
....................   
....................    #if defined(LCD_EXTENDED_NEWLINE)
....................     lcd_gotoxy(g_LcdX+1, g_LcdY+1);  //set ddram address
....................    #endif
.................... }
.................... 
.................... void lcd_cursor_on(int1 on)
.................... {
....................    if (on)
....................    {
....................       lcd_send_byte(0,0x0F);           //turn LCD cursor ON
....................    }
....................    else
....................    {
....................       lcd_send_byte(0,0x0C);           //turn LCD cursor OFF
....................    }
.................... }
.................... 
.................... #endif
.................... 
.................... #byte PORTA = 5
.................... #byte PORTD = 8
.................... 
.................... int Timer2=9, PostCaler=1, duty = 20; // Preescaler;
.................... //Para 25KHz, el valor para modular el DutyCycle será 40 = 100%
.................... //Por lo tanto duty = 20 implica un DutyCycle de 50%
.................... float V1, V2=0, I1, I2=0, P1, P2;
.................... 
.................... void main(){
*
0425:  MOVF   03,W
0426:  ANDLW  1F
0427:  MOVWF  03
0428:  MOVLW  61
0429:  BSF    03.5
042A:  MOVWF  0F
042B:  CLRF   10
042C:  MOVF   0F,W
042D:  MOVLW  09
042E:  BCF    03.5
042F:  MOVWF  20
0430:  MOVLW  01
0431:  MOVWF  21
0432:  MOVLW  14
0433:  MOVWF  22
0434:  CLRF   2A
0435:  CLRF   29
0436:  CLRF   28
0437:  CLRF   27
0438:  CLRF   32
0439:  CLRF   31
043A:  CLRF   30
043B:  CLRF   2F
043C:  MOVLW  FF
043D:  MOVWF  3B
043E:  CLRF   3D
043F:  CLRF   3C
0440:  BSF    03.5
0441:  BSF    03.6
0442:  MOVF   09,W
0443:  ANDLW  C0
0444:  MOVWF  09
0445:  BCF    03.6
0446:  BCF    1F.4
0447:  BCF    1F.5
0448:  MOVLW  00
0449:  BSF    03.6
044A:  MOVWF  08
044B:  BCF    03.5
044C:  CLRF   07
044D:  CLRF   08
044E:  CLRF   09
044F:  BCF    03.7
....................     
....................     //Para la PWM de 1Khz es necesario un Timer2=249, cuando la frecuencia del cristal es de 4Mhz,
....................     //el PostCaler=1 y Preescaler=4, en base a la siguiente fórmula:
....................     // Timer2 = (Td*fxtal/(4*Preescaler-PostCaler)) - 1
....................     //Timer2 = 10;                                    //Para este valor del Timer se puede alcanzar una f=25KHz
....................     //PostCaler = 1;                                  // Sólo puede tomar valores de 1, 4 o 16, igual que el preescaler
....................     //Preescaler = 4;
....................     set_tris_a(0b00000011);                           //Configuro los pines RA0 y RA1 como entradas
0450:  MOVLW  03
0451:  BSF    03.5
0452:  BCF    03.6
0453:  MOVWF  05
....................     setup_timer_2(t2_div_by_4, Timer2, PostCaler);    //Configuración del timer 2, preescaler=4, timer2=9, postcaler=1
0454:  MOVLW  01
0455:  BCF    03.5
0456:  SUBWF  21,W
0457:  MOVWF  78
0458:  RLF    78,W
0459:  MOVWF  77
045A:  RLF    77,F
045B:  RLF    77,F
045C:  MOVLW  F8
045D:  ANDWF  77,F
045E:  MOVF   77,W
045F:  IORLW  05
0460:  MOVWF  12
0461:  MOVF   20,W
0462:  BSF    03.5
0463:  MOVWF  12
....................     setup_ccp1(ccp_pwm);                              //Con esto estamos configurando el modo PWM en la salida ccp1 (pin RC2)
0464:  BCF    03.5
0465:  BCF    3B.2
0466:  MOVF   3B,W
0467:  BSF    03.5
0468:  MOVWF  07
0469:  BCF    03.5
046A:  BCF    07.2
046B:  MOVLW  0C
046C:  MOVWF  17
046D:  BSF    03.5
046E:  CLRF   1B
046F:  CLRF   1C
0470:  MOVLW  01
0471:  MOVWF  1D
....................     setup_adc_ports(all_analog);                      //Todos los puertos analogicos quedaran como analogicos
0472:  BSF    03.6
0473:  MOVF   09,W
0474:  ANDLW  C0
0475:  IORLW  1F
0476:  MOVWF  09
0477:  BCF    03.6
0478:  BCF    1F.4
0479:  BCF    1F.5
047A:  MOVLW  FF
047B:  BSF    03.6
047C:  MOVWF  08
....................     setup_adc(adc_clock_internal);                    //Configuramos la velocidad del ADC
047D:  BCF    03.5
047E:  BCF    03.6
047F:  BSF    1F.6
0480:  BSF    1F.7
0481:  BSF    03.5
0482:  BSF    1F.7
0483:  BCF    03.5
0484:  BSF    1F.0
....................     lcd_init();
0485:  GOTO   07A
....................     lcd_putc("\f");
0486:  MOVLW  04
0487:  BSF    03.6
0488:  MOVWF  0D
0489:  MOVLW  00
048A:  MOVWF  0F
048B:  BCF    03.6
048C:  CALL   0F6
....................     
....................     while(1){
....................     
....................        set_pwm1_duty(duty);         //Se confiugura el dutycycle de la PWM
....................        
....................        set_adc_channel(0);          //Selecciono el canal 0 (RA0)
048D:  MOVLW  00
048E:  MOVWF  78
048F:  MOVF   1F,W
0490:  ANDLW  C3
0491:  IORWF  78,W
0492:  MOVWF  1F
....................        delay_us(50);                //Retardo de 50 us para leer la data
0493:  MOVLW  10
0494:  MOVWF  77
0495:  DECFSZ 77,F
0496:  GOTO   495
0497:  NOP
....................        V1=read_adc();               //Guardo en bits el voltaje leido por el canal 0
0498:  BSF    1F.1
0499:  BTFSC  1F.1
049A:  GOTO   499
049B:  MOVF   1E,W
049C:  MOVWF  79
049D:  BSF    03.5
049E:  MOVF   1E,W
049F:  MOVWF  78
04A0:  MOVF   79,W
04A1:  MOVWF  7A
04A2:  MOVF   1E,W
04A3:  BCF    03.5
04A4:  MOVWF  3E
04A5:  MOVF   79,W
04A6:  MOVWF  3F
04A7:  CALL   14C
04A8:  MOVF   7A,W
04A9:  MOVWF  26
04AA:  MOVF   79,W
04AB:  MOVWF  25
04AC:  MOVF   78,W
04AD:  MOVWF  24
04AE:  MOVF   77,W
04AF:  MOVWF  23
....................        V1 = V1*0.0048828125;        //Valor real del voltaje medido
04B0:  MOVF   26,W
04B1:  MOVWF  41
04B2:  MOVF   25,W
04B3:  MOVWF  40
04B4:  MOVF   24,W
04B5:  MOVWF  3F
04B6:  MOVF   23,W
04B7:  MOVWF  3E
04B8:  CLRF   45
04B9:  CLRF   44
04BA:  MOVLW  20
04BB:  MOVWF  43
04BC:  MOVLW  77
04BD:  MOVWF  42
04BE:  CALL   169
04BF:  MOVF   7A,W
04C0:  MOVWF  26
04C1:  MOVF   79,W
04C2:  MOVWF  25
04C3:  MOVF   78,W
04C4:  MOVWF  24
04C5:  MOVF   77,W
04C6:  MOVWF  23
....................        
....................        set_adc_channel(1);          //Selecciono el canal 1 (RA1)
04C7:  MOVLW  04
04C8:  MOVWF  78
04C9:  MOVF   1F,W
04CA:  ANDLW  C3
04CB:  IORWF  78,W
04CC:  MOVWF  1F
....................        delay_us(50);                //Retardo de 50 us para leer la data
04CD:  MOVLW  10
04CE:  MOVWF  77
04CF:  DECFSZ 77,F
04D0:  GOTO   4CF
04D1:  NOP
....................        I1=read_adc();               //Guardo en bits la corriente leida por el canal 1
04D2:  BSF    1F.1
04D3:  BTFSC  1F.1
04D4:  GOTO   4D3
04D5:  MOVF   1E,W
04D6:  MOVWF  79
04D7:  BSF    03.5
04D8:  MOVF   1E,W
04D9:  MOVWF  78
04DA:  MOVF   79,W
04DB:  MOVWF  7A
04DC:  MOVF   1E,W
04DD:  BCF    03.5
04DE:  MOVWF  3E
04DF:  MOVF   79,W
04E0:  MOVWF  3F
04E1:  CALL   14C
04E2:  MOVF   7A,W
04E3:  MOVWF  2E
04E4:  MOVF   79,W
04E5:  MOVWF  2D
04E6:  MOVF   78,W
04E7:  MOVWF  2C
04E8:  MOVF   77,W
04E9:  MOVWF  2B
....................        I1= I1*0.0048828125;         //Valor real del voltaje medido
04EA:  MOVF   2E,W
04EB:  MOVWF  41
04EC:  MOVF   2D,W
04ED:  MOVWF  40
04EE:  MOVF   2C,W
04EF:  MOVWF  3F
04F0:  MOVF   2B,W
04F1:  MOVWF  3E
04F2:  CLRF   45
04F3:  CLRF   44
04F4:  MOVLW  20
04F5:  MOVWF  43
04F6:  MOVLW  77
04F7:  MOVWF  42
04F8:  CALL   169
04F9:  MOVF   7A,W
04FA:  MOVWF  2E
04FB:  MOVF   79,W
04FC:  MOVWF  2D
04FD:  MOVF   78,W
04FE:  MOVWF  2C
04FF:  MOVF   77,W
0500:  MOVWF  2B
....................    /*-----------Algoritmo MPPT----------*/
....................        P1 = V1*I1;
0501:  MOVF   26,W
0502:  MOVWF  41
0503:  MOVF   25,W
0504:  MOVWF  40
0505:  MOVF   24,W
0506:  MOVWF  3F
0507:  MOVF   23,W
0508:  MOVWF  3E
0509:  MOVF   2E,W
050A:  MOVWF  45
050B:  MOVF   2D,W
050C:  MOVWF  44
050D:  MOVF   2C,W
050E:  MOVWF  43
050F:  MOVF   2B,W
0510:  MOVWF  42
0511:  CALL   169
0512:  MOVF   7A,W
0513:  MOVWF  36
0514:  MOVF   79,W
0515:  MOVWF  35
0516:  MOVF   78,W
0517:  MOVWF  34
0518:  MOVF   77,W
0519:  MOVWF  33
....................        P2 = V2*I2;
051A:  MOVF   2A,W
051B:  MOVWF  41
051C:  MOVF   29,W
051D:  MOVWF  40
051E:  MOVF   28,W
051F:  MOVWF  3F
0520:  MOVF   27,W
0521:  MOVWF  3E
0522:  MOVF   32,W
0523:  MOVWF  45
0524:  MOVF   31,W
0525:  MOVWF  44
0526:  MOVF   30,W
0527:  MOVWF  43
0528:  MOVF   2F,W
0529:  MOVWF  42
052A:  CALL   169
052B:  MOVF   7A,W
052C:  MOVWF  3A
052D:  MOVF   79,W
052E:  MOVWF  39
052F:  MOVF   78,W
0530:  MOVWF  38
0531:  MOVF   77,W
0532:  MOVWF  37
....................        
....................        if(P1 == P2){
0533:  MOVF   36,W
0534:  MOVWF  45
0535:  MOVF   35,W
0536:  MOVWF  44
0537:  MOVF   34,W
0538:  MOVWF  43
0539:  MOVF   33,W
053A:  MOVWF  42
053B:  MOVF   3A,W
053C:  MOVWF  49
053D:  MOVF   39,W
053E:  MOVWF  48
053F:  MOVF   38,W
0540:  MOVWF  47
0541:  MOVF   37,W
0542:  MOVWF  46
0543:  CALL   1DE
0544:  BTFSS  03.2
0545:  GOTO   548
....................          return;
0546:  GOTO   60B
....................        }
0547:  GOTO   5CE
....................        else{
....................          if(P1 - P2 > 0){
0548:  BSF    03.1
0549:  MOVF   36,W
054A:  MOVWF  41
054B:  MOVF   35,W
054C:  MOVWF  40
054D:  MOVF   34,W
054E:  MOVWF  3F
054F:  MOVF   33,W
0550:  MOVWF  3E
0551:  MOVF   3A,W
0552:  MOVWF  45
0553:  MOVF   39,W
0554:  MOVWF  44
0555:  MOVF   38,W
0556:  MOVWF  43
0557:  MOVF   37,W
0558:  MOVWF  42
0559:  CALL   21D
055A:  MOVF   7A,W
055B:  MOVWF  41
055C:  MOVF   79,W
055D:  MOVWF  40
055E:  MOVF   78,W
055F:  MOVWF  3F
0560:  MOVF   77,W
0561:  MOVWF  3E
0562:  CLRF   45
0563:  CLRF   44
0564:  CLRF   43
0565:  CLRF   42
0566:  MOVF   41,W
0567:  MOVWF  49
0568:  MOVF   40,W
0569:  MOVWF  48
056A:  MOVF   3F,W
056B:  MOVWF  47
056C:  MOVF   3E,W
056D:  MOVWF  46
056E:  CALL   1DE
056F:  BTFSS  03.0
0570:  GOTO   5A0
....................             if(V1 - V2 > 0){
0571:  BSF    03.1
0572:  MOVF   26,W
0573:  MOVWF  41
0574:  MOVF   25,W
0575:  MOVWF  40
0576:  MOVF   24,W
0577:  MOVWF  3F
0578:  MOVF   23,W
0579:  MOVWF  3E
057A:  MOVF   2A,W
057B:  MOVWF  45
057C:  MOVF   29,W
057D:  MOVWF  44
057E:  MOVF   28,W
057F:  MOVWF  43
0580:  MOVF   27,W
0581:  MOVWF  42
0582:  CALL   21D
0583:  MOVF   7A,W
0584:  MOVWF  41
0585:  MOVF   79,W
0586:  MOVWF  40
0587:  MOVF   78,W
0588:  MOVWF  3F
0589:  MOVF   77,W
058A:  MOVWF  3E
058B:  CLRF   45
058C:  CLRF   44
058D:  CLRF   43
058E:  CLRF   42
058F:  MOVF   41,W
0590:  MOVWF  49
0591:  MOVF   40,W
0592:  MOVWF  48
0593:  MOVF   3F,W
0594:  MOVWF  47
0595:  MOVF   3E,W
0596:  MOVWF  46
0597:  CALL   1DE
0598:  BTFSS  03.0
0599:  GOTO   59D
....................                duty = duty + 1;
059A:  MOVLW  01
059B:  ADDWF  22,F
....................             }
059C:  GOTO   59F
....................             else{
....................                duty = duty - 1;
059D:  MOVLW  01
059E:  SUBWF  22,F
....................             }
....................          }
059F:  GOTO   5CE
....................          else{
....................             if(V1 - V2 > 0){
05A0:  BSF    03.1
05A1:  MOVF   26,W
05A2:  MOVWF  41
05A3:  MOVF   25,W
05A4:  MOVWF  40
05A5:  MOVF   24,W
05A6:  MOVWF  3F
05A7:  MOVF   23,W
05A8:  MOVWF  3E
05A9:  MOVF   2A,W
05AA:  MOVWF  45
05AB:  MOVF   29,W
05AC:  MOVWF  44
05AD:  MOVF   28,W
05AE:  MOVWF  43
05AF:  MOVF   27,W
05B0:  MOVWF  42
05B1:  CALL   21D
05B2:  MOVF   7A,W
05B3:  MOVWF  41
05B4:  MOVF   79,W
05B5:  MOVWF  40
05B6:  MOVF   78,W
05B7:  MOVWF  3F
05B8:  MOVF   77,W
05B9:  MOVWF  3E
05BA:  CLRF   45
05BB:  CLRF   44
05BC:  CLRF   43
05BD:  CLRF   42
05BE:  MOVF   41,W
05BF:  MOVWF  49
05C0:  MOVF   40,W
05C1:  MOVWF  48
05C2:  MOVF   3F,W
05C3:  MOVWF  47
05C4:  MOVF   3E,W
05C5:  MOVWF  46
05C6:  CALL   1DE
05C7:  BTFSS  03.0
05C8:  GOTO   5CC
....................                duty = duty - 1;
05C9:  MOVLW  01
05CA:  SUBWF  22,F
....................             }
05CB:  GOTO   5CE
....................             else{
....................                duty = duty + 1;
05CC:  MOVLW  01
05CD:  ADDWF  22,F
....................             }
....................          }
....................        }  
....................        V2 = V1;
05CE:  MOVF   26,W
05CF:  MOVWF  2A
05D0:  MOVF   25,W
05D1:  MOVWF  29
05D2:  MOVF   24,W
05D3:  MOVWF  28
05D4:  MOVF   23,W
05D5:  MOVWF  27
....................        I2 = I1;
05D6:  MOVF   2E,W
05D7:  MOVWF  32
05D8:  MOVF   2D,W
05D9:  MOVWF  31
05DA:  MOVF   2C,W
05DB:  MOVWF  30
05DC:  MOVF   2B,W
05DD:  MOVWF  2F
....................        
....................        lcd_gotoxy(1,1);                  //Ubiquese en la posicion 1,1
05DE:  MOVLW  01
05DF:  MOVWF  45
05E0:  MOVWF  46
05E1:  CALL   0B8
....................        lcd_putc("El Duty Cycle es:");
05E2:  MOVLW  05
05E3:  BSF    03.6
05E4:  MOVWF  0D
05E5:  MOVLW  00
05E6:  MOVWF  0F
05E7:  BCF    03.6
05E8:  CALL   0F6
....................        lcd_gotoxy(2,2);                  //Ubiquese en la posicion 2,2
05E9:  MOVLW  02
05EA:  MOVWF  45
05EB:  MOVWF  46
05EC:  CALL   0B8
....................        printf(lcd_putc,"D = %i",duty);   //Muestra el valor numerico de la conversionconversion
05ED:  MOVLW  0E
05EE:  BSF    03.6
05EF:  MOVWF  0D
05F0:  MOVLW  00
05F1:  MOVWF  0F
05F2:  BCF    03.0
05F3:  MOVLW  04
05F4:  BCF    03.6
05F5:  MOVWF  3E
05F6:  GOTO   35E
05F7:  MOVF   22,W
05F8:  MOVWF  3E
05F9:  MOVLW  18
05FA:  MOVWF  3F
05FB:  GOTO   3CC
....................        delay_ms(500);
05FC:  MOVLW  02
05FD:  MOVWF  3E
05FE:  MOVLW  FA
05FF:  MOVWF  45
0600:  CALL   013
0601:  DECFSZ 3E,F
0602:  GOTO   5FE
....................        lcd_putc("\f");                   // Borramos LCD
0603:  MOVLW  12
0604:  BSF    03.6
0605:  MOVWF  0D
0606:  MOVLW  00
0607:  MOVWF  0F
0608:  BCF    03.6
0609:  CALL   0F6
060A:  GOTO   48D
....................     }
.................... }
060B:  SLEEP

Configuration Fuses:
   Word  1: 2FE4   INTRC_IO NOWDT PUT MCLR NOPROTECT NOCPD BROWNOUT IESO FCMEN NOLVP NODEBUG
   Word  2: 3FFF   BORV40 NOWRT
